Archive member included to satisfy reference by file (symbol)

d:/env/env-windows/tools/gnu_gcc/arm_gcc/mingw/bin/../lib/gcc/arm-none-eabi/10.3.1/thumb/v7-m/nofp\libgcc.a(_arm_muldf3.o)
                              CMakeFiles/pid_car.elf.dir/Core/Src/inv_mpu.c.obj (__aeabi_dmul)
d:/env/env-windows/tools/gnu_gcc/arm_gcc/mingw/bin/../lib/gcc/arm-none-eabi/10.3.1/thumb/v7-m/nofp\libgcc.a(_arm_mulsf3.o)
                              CMakeFiles/pid_car.elf.dir/Core/Src/AI.c.obj (__aeabi_fmul)
d:/env/env-windows/tools/gnu_gcc/arm_gcc/mingw/bin/../lib/gcc/arm-none-eabi/10.3.1/thumb/v7-m/nofp\libgcc.a(_arm_addsubdf3.o)
                              CMakeFiles/pid_car.elf.dir/Core/Src/mpu6050.c.obj (__aeabi_dadd)
d:/env/env-windows/tools/gnu_gcc/arm_gcc/mingw/bin/../lib/gcc/arm-none-eabi/10.3.1/thumb/v7-m/nofp\libgcc.a(_arm_muldivdf3.o)
                              CMakeFiles/pid_car.elf.dir/Core/Src/mpu6050.c.obj (__aeabi_ddiv)
d:/env/env-windows/tools/gnu_gcc/arm_gcc/mingw/bin/../lib/gcc/arm-none-eabi/10.3.1/thumb/v7-m/nofp\libgcc.a(_arm_truncdfsf2.o)
                              CMakeFiles/pid_car.elf.dir/Core/Src/inv_mpu.c.obj (__aeabi_d2f)
d:/env/env-windows/tools/gnu_gcc/arm_gcc/mingw/bin/../lib/gcc/arm-none-eabi/10.3.1/thumb/v7-m/nofp\libgcc.a(_arm_addsubsf3.o)
                              CMakeFiles/pid_car.elf.dir/Core/Src/AI.c.obj (__aeabi_fsub)
d:/env/env-windows/tools/gnu_gcc/arm_gcc/mingw/bin/../lib/gcc/arm-none-eabi/10.3.1/thumb/v7-m/nofp\libgcc.a(_arm_muldivsf3.o)
                              CMakeFiles/pid_car.elf.dir/Core/Src/inv_mpu.c.obj (__aeabi_fdiv)
d:/env/env-windows/tools/gnu_gcc/arm_gcc/mingw/bin/../lib/gcc/arm-none-eabi/10.3.1/thumb/v7-m/nofp\libgcc.a(_arm_cmpsf2.o)
                              CMakeFiles/pid_car.elf.dir/Core/Src/inv_mpu.c.obj (__aeabi_fcmpeq)
d:/env/env-windows/tools/gnu_gcc/arm_gcc/mingw/bin/../lib/gcc/arm-none-eabi/10.3.1/thumb/v7-m/nofp\libgcc.a(_arm_fixsfsi.o)
                              CMakeFiles/pid_car.elf.dir/Core/Src/inv_mpu.c.obj (__aeabi_f2iz)
d:/env/env-windows/tools/gnu_gcc/arm_gcc/mingw/bin/../lib/gcc/arm-none-eabi/10.3.1/thumb/v7-m/nofp\libgcc.a(_arm_fixunssfsi.o)
                              CMakeFiles/pid_car.elf.dir/Core/Src/car_control_new.c.obj (__aeabi_f2uiz)
d:/env/env-windows/tools/gnu_gcc/arm_gcc/mingw/bin/../lib/gcc/arm-none-eabi/10.3.1/thumb/v7-m/nofp\libgcc.a(_aeabi_ldivmod.o)
                              CMakeFiles/pid_car.elf.dir/Core/Src/inv_mpu.c.obj (__aeabi_ldivmod)
d:/env/env-windows/tools/gnu_gcc/arm_gcc/mingw/bin/../lib/gcc/arm-none-eabi/10.3.1/thumb/v7-m/nofp\libgcc.a(_udivmoddi4.o)
                              d:/env/env-windows/tools/gnu_gcc/arm_gcc/mingw/bin/../lib/gcc/arm-none-eabi/10.3.1/thumb/v7-m/nofp\libgcc.a(_aeabi_ldivmod.o) (__udivmoddi4)
d:/env/env-windows/tools/gnu_gcc/arm_gcc/mingw/bin/../lib/gcc/arm-none-eabi/10.3.1/thumb/v7-m/nofp\libgcc.a(_dvmd_tls.o)
                              d:/env/env-windows/tools/gnu_gcc/arm_gcc/mingw/bin/../lib/gcc/arm-none-eabi/10.3.1/thumb/v7-m/nofp\libgcc.a(_aeabi_ldivmod.o) (__aeabi_ldiv0)
d:/env/env-windows/tools/gnu_gcc/arm_gcc/mingw/bin/../lib/gcc/arm-none-eabi/10.3.1/../../../../arm-none-eabi/lib/thumb/v7-m/nofp\libg.a(lib_a-errno.o)
                              CMakeFiles/pid_car.elf.dir/Core/Src/syscalls.c.obj (__errno)
d:/env/env-windows/tools/gnu_gcc/arm_gcc/mingw/bin/../lib/gcc/arm-none-eabi/10.3.1/../../../../arm-none-eabi/lib/thumb/v7-m/nofp\libg.a(lib_a-exit.o)
                              d:/env/env-windows/tools/gnu_gcc/arm_gcc/mingw/bin/../lib/gcc/arm-none-eabi/10.3.1/../../../../arm-none-eabi/lib/thumb/v7-m/nofp/crt0.o (exit)
d:/env/env-windows/tools/gnu_gcc/arm_gcc/mingw/bin/../lib/gcc/arm-none-eabi/10.3.1/../../../../arm-none-eabi/lib/thumb/v7-m/nofp\libg.a(lib_a-impure.o)
                              d:/env/env-windows/tools/gnu_gcc/arm_gcc/mingw/bin/../lib/gcc/arm-none-eabi/10.3.1/../../../../arm-none-eabi/lib/thumb/v7-m/nofp\libg.a(lib_a-exit.o) (_global_impure_ptr)
d:/env/env-windows/tools/gnu_gcc/arm_gcc/mingw/bin/../lib/gcc/arm-none-eabi/10.3.1/../../../../arm-none-eabi/lib/thumb/v7-m/nofp\libg.a(lib_a-init.o)
                              d:/env/env-windows/tools/gnu_gcc/arm_gcc/mingw/bin/../lib/gcc/arm-none-eabi/10.3.1/../../../../arm-none-eabi/lib/thumb/v7-m/nofp/crt0.o (__libc_init_array)
d:/env/env-windows/tools/gnu_gcc/arm_gcc/mingw/bin/../lib/gcc/arm-none-eabi/10.3.1/../../../../arm-none-eabi/lib/thumb/v7-m/nofp\libg.a(lib_a-memcmp.o)
                              CMakeFiles/pid_car.elf.dir/Core/Src/inv_mpu.c.obj (memcmp)
d:/env/env-windows/tools/gnu_gcc/arm_gcc/mingw/bin/../lib/gcc/arm-none-eabi/10.3.1/../../../../arm-none-eabi/lib/thumb/v7-m/nofp\libg.a(lib_a-memset.o)
                              d:/env/env-windows/tools/gnu_gcc/arm_gcc/mingw/bin/../lib/gcc/arm-none-eabi/10.3.1/../../../../arm-none-eabi/lib/thumb/v7-m/nofp/crt0.o (memset)
[...]
Memory Configuration

Name             Origin             Length             Attributes
RAM              0x20000000         0x00005000         xrw
FLASH            0x08000000         0x00010000         xr
*default*        0x00000000         0xffffffff

Linker script and memory map

LOAD d:/env/env-windows/tools/gnu_gcc/arm_gcc/mingw/bin/../lib/gcc/arm-none-eabi/10.3.1/thumb/v7-m/nofp/crti.o
LOAD d:/env/env-windows/tools/gnu_gcc/arm_gcc/mingw/bin/../lib/gcc/arm-none-eabi/10.3.1/thumb/v7-m/nofp/crtbegin.o
LOAD d:/env/env-windows/tools/gnu_gcc/arm_gcc/mingw/bin/../lib/gcc/arm-none-eabi/10.3.1/../../../../arm-none-eabi/lib/thumb/v7-m/nofp/crt0.o
LOAD CMakeFiles/pid_car.elf.dir/Core/Src/AI.c.obj
LOAD CMakeFiles/pid_car.elf.dir/Core/Src/IIC.c.obj
LOAD CMakeFiles/pid_car.elf.dir/Core/Src/OLED.c.obj
LOAD CMakeFiles/pid_car.elf.dir/Core/Src/car_control_new.c.obj
LOAD CMakeFiles/pid_car.elf.dir/Core/Src/gpio.c.obj
LOAD CMakeFiles/pid_car.elf.dir/Core/Src/i2c.c.obj
LOAD CMakeFiles/pid_car.elf.dir/Core/Src/inv_mpu.c.obj
LOAD CMakeFiles/pid_car.elf.dir/Core/Src/inv_mpu_dmp_motion_driver.c.obj
LOAD CMakeFiles/pid_car.elf.dir/Core/Src/main.c.obj
LOAD CMakeFiles/pid_car.elf.dir/Core/Src/mpu6050.c.obj
LOAD CMakeFiles/pid_car.elf.dir/Core/Src/position_speed_pid.c.obj
LOAD CMakeFiles/pid_car.elf.dir/Core/Src/stm32f1xx_hal_msp.c.obj
LOAD CMakeFiles/pid_car.elf.dir/Core/Src/stm32f1xx_it.c.obj
LOAD CMakeFiles/pid_car.elf.dir/Core/Src/syscalls.c.obj
LOAD CMakeFiles/pid_car.elf.dir/Core/Src/sysmem.c.obj
LOAD CMakeFiles/pid_car.elf.dir/Core/Src/system_stm32f1xx.c.obj
LOAD CMakeFiles/pid_car.elf.dir/Core/Src/tim.c.obj
LOAD CMakeFiles/pid_car.elf.dir/Core/Startup/startup_stm32f103c8tx.s.obj
LOAD CMakeFiles/pid_car.elf.dir/Drivers/STM32F1xx_HAL_Driver/Src/stm32f1xx_hal.c.obj
LOAD CMakeFiles/pid_car.elf.dir/Drivers/STM32F1xx_HAL_Driver/Src/stm32f1xx_hal_cortex.c.obj
LOAD CMakeFiles/pid_car.elf.dir/Drivers/STM32F1xx_HAL_Driver/Src/stm32f1xx_hal_dma.c.obj
LOAD CMakeFiles/pid_car.elf.dir/Drivers/STM32F1xx_HAL_Driver/Src/stm32f1xx_hal_exti.c.obj
LOAD CMakeFiles/pid_car.elf.dir/Drivers/STM32F1xx_HAL_Driver/Src/stm32f1xx_hal_flash.c.obj
LOAD CMakeFiles/pid_car.elf.dir/Drivers/STM32F1xx_HAL_Driver/Src/stm32f1xx_hal_flash_ex.c.obj
LOAD CMakeFiles/pid_car.elf.dir/Drivers/STM32F1xx_HAL_Driver/Src/stm32f1xx_hal_gpio.c.obj
LOAD CMakeFiles/pid_car.elf.dir/Drivers/STM32F1xx_HAL_Driver/Src/stm32f1xx_hal_gpio_ex.c.obj
LOAD CMakeFiles/pid_car.elf.dir/Drivers/STM32F1xx_HAL_Driver/Src/stm32f1xx_hal_i2c.c.obj
LOAD CMakeFiles/pid_car.elf.dir/Drivers/STM32F1xx_HAL_Driver/Src/stm32f1xx_hal_pwr.c.obj
LOAD CMakeFiles/pid_car.elf.dir/Drivers/STM32F1xx_HAL_Driver/Src/stm32f1xx_hal_rcc.c.obj
LOAD CMakeFiles/pid_car.elf.dir/Drivers/STM32F1xx_HAL_Driver/Src/stm32f1xx_hal_rcc_ex.c.obj
LOAD CMakeFiles/pid_car.elf.dir/Drivers/STM32F1xx_HAL_Driver/Src/stm32f1xx_hal_tim.c.obj
LOAD CMakeFiles/pid_car.elf.dir/Drivers/STM32F1xx_HAL_Driver/Src/stm32f1xx_hal_tim_ex.c.obj
START GROUP
LOAD d:/env/env-windows/tools/gnu_gcc/arm_gcc/mingw/bin/../lib/gcc/arm-none-eabi/10.3.1/thumb/v7-m/nofp\libgcc.a
LOAD d:/env/env-windows/tools/gnu_gcc/arm_gcc/mingw/bin/../lib/gcc/arm-none-eabi/10.3.1/../../../../arm-none-eabi/lib/thumb/v7-m/nofp\libg.a
LOAD d:/env/env-windows/tools/gnu_gcc/arm_gcc/mingw/bin/../lib/gcc/arm-none-eabi/10.3.1/../../../../arm-none-eabi/lib/thumb/v7-m/nofp\libc.a
END GROUP
LOAD d:/env/env-windows/tools/gnu_gcc/arm_gcc/mingw/bin/../lib/gcc/arm-none-eabi/10.3.1/thumb/v7-m/nofp/crtend.o
LOAD d:/env/env-windows/tools/gnu_gcc/arm_gcc/mingw/bin/../lib/gcc/arm-none-eabi/10.3.1/thumb/v7-m/nofp/crtn.o
                0x20005000                _estack = (ORIGIN (RAM) + LENGTH (RAM))
                0x00000200                _Min_Heap_Size = 0x200
                0x00000400                _Min_Stack_Size = 0x400

.isr_vector     0x08000000      0x10c
                0x08000000                . = ALIGN (0x4)
 *(.isr_vector)
 .isr_vector    0x08000000      0x10c CMakeFiles/pid_car.elf.dir/Core/Startup/startup_stm32f103c8tx.s.obj
                0x08000000                g_pfnVectors
                0x0800010c                . = ALIGN (0x4)

.text           0x08000110     0xcb58
                0x08000110                . = ALIGN (0x4)
 *(.text)
 .text          0x08000110       0x40 d:/env/env-windows/tools/gnu_gcc/arm_gcc/mingw/bin/../lib/gcc/arm-none-eabi/10.3.1/thumb/v7-m/nofp/crtbegin.o
 .text          0x08000150      0x378 d:/env/env-windows/tools/gnu_gcc/arm_gcc/mingw/bin/../lib/gcc/arm-none-eabi/10.3.1/thumb/v7-m/nofp\libgcc.a(_arm_addsubdf3.o)
                0x08000150                __aeabi_drsub
                0x08000158                __aeabi_dsub
                0x08000158                __subdf3
                0x0800015c                __aeabi_dadd
                0x0800015c                __adddf3
                0x080003d4                __floatunsidf
                0x080003d4                __aeabi_ui2d
                0x080003f4                __floatsidf
                0x080003f4                __aeabi_i2d
                0x08000418                __aeabi_f2d
                0x08000418                __extendsfdf2
                0x0800045c                __floatundidf
                0x0800045c                __aeabi_ul2d
                0x0800046c                __floatdidf
                0x0800046c                __aeabi_l2d
 .text          0x080004c8      0x424 d:/env/env-windows/tools/gnu_gcc/arm_gcc/mingw/bin/../lib/gcc/arm-none-eabi/10.3.1/thumb/v7-m/nofp\libgcc.a(_arm_muldivdf3.o)
                0x080004c8                __aeabi_dmul
                0x080004c8                __muldf3
                0x0800071c                __divdf3
                0x0800071c                __aeabi_ddiv
 .text          0x080008ec       0xa0 d:/env/env-windows/tools/gnu_gcc/arm_gcc/mingw/bin/../lib/gcc/arm-none-eabi/10.3.1/thumb/v7-m/nofp\libgcc.a(_arm_truncdfsf2.o)
                0x080008ec                __truncdfsf2
                0x080008ec                __aeabi_d2f
 .text          0x0800098c      0x21c d:/env/env-windows/tools/gnu_gcc/arm_gcc/mingw/bin/../lib/gcc/arm-none-eabi/10.3.1/thumb/v7-m/nofp\libgcc.a(_arm_addsubsf3.o)
                0x0800098c                __aeabi_frsub
                0x08000994                __subsf3
                0x08000994                __aeabi_fsub
                0x08000998                __aeabi_fadd
                0x08000998                __addsf3
                0x08000af8                __aeabi_ui2f
                0x08000af8                __floatunsisf
                0x08000b00                __aeabi_i2f
                0x08000b00                __floatsisf
                0x08000b1c                __aeabi_ul2f
                0x08000b1c                __floatundisf
                0x08000b2c                __aeabi_l2f
                0x08000b2c                __floatdisf
 .text          0x08000ba8      0x2a0 d:/env/env-windows/tools/gnu_gcc/arm_gcc/mingw/bin/../lib/gcc/arm-none-eabi/10.3.1/thumb/v7-m/nofp\libgcc.a(_arm_muldivsf3.o)
                0x08000ba8                __mulsf3
                0x08000ba8                __aeabi_fmul
                0x08000d10                __aeabi_fdiv
                0x08000d10                __divsf3
 .text          0x08000e48       0xec d:/env/env-windows/tools/gnu_gcc/arm_gcc/mingw/bin/../lib/gcc/arm-none-eabi/10.3.1/thumb/v7-m/nofp\libgcc.a(_arm_cmpsf2.o)
                0x08000e48                __gesf2
                0x08000e48                __gtsf2
                0x08000e50                __lesf2
                0x08000e50                __ltsf2
                0x08000e58                __nesf2
                0x08000e58                __eqsf2
                0x08000e58                __cmpsf2
                0x08000eb8                __aeabi_cfrcmple
                0x08000ec0                __aeabi_cfcmpeq
                0x08000ec0                __aeabi_cfcmple
                0x08000ed0                __aeabi_fcmpeq
                0x08000ee4                __aeabi_fcmplt
                0x08000ef8                __aeabi_fcmple
                0x08000f0c                __aeabi_fcmpge
                0x08000f20                __aeabi_fcmpgt
 .text          0x08000f34       0x4c d:/env/env-windows/tools/gnu_gcc/arm_gcc/mingw/bin/../lib/gcc/arm-none-eabi/10.3.1/thumb/v7-m/nofp\libgcc.a(_arm_fixsfsi.o)
                0x08000f34                __aeabi_f2iz
                0x08000f34                __fixsfsi
 .text          0x08000f80       0x40 d:/env/env-windows/tools/gnu_gcc/arm_gcc/mingw/bin/../lib/gcc/arm-none-eabi/10.3.1/thumb/v7-m/nofp\libgcc.a(_arm_fixunssfsi.o)
                0x08000f80                __fixunssfsi
                0x08000f80                __aeabi_f2uiz
 .text          0x08000fc0       0xa0 d:/env/env-windows/tools/gnu_gcc/arm_gcc/mingw/bin/../lib/gcc/arm-none-eabi/10.3.1/thumb/v7-m/nofp\libgcc.a(_aeabi_ldivmod.o)
                0x08000fc0                __aeabi_ldivmod
 .text          0x08001060      0x2d4 d:/env/env-windows/tools/gnu_gcc/arm_gcc/mingw/bin/../lib/gcc/arm-none-eabi/10.3.1/thumb/v7-m/nofp\libgcc.a(_udivmoddi4.o)
                0x08001060                __udivmoddi4
 .text          0x08001334        0x4 d:/env/env-windows/tools/gnu_gcc/arm_gcc/mingw/bin/../lib/gcc/arm-none-eabi/10.3.1/thumb/v7-m/nofp\libgcc.a(_dvmd_tls.o)
                0x08001334                __aeabi_idiv0
                0x08001334                __aeabi_ldiv0
 .text          0x08001338       0xec d:/env/env-windows/tools/gnu_gcc/arm_gcc/mingw/bin/../lib/gcc/arm-none-eabi/10.3.1/../../../../arm-none-eabi/lib/thumb/v7-m/nofp\libg.a(lib_a-memcpy.o)
                0x08001338                memcpy
 .text          0x08001424      0x110 d:/env/env-windows/tools/gnu_gcc/arm_gcc/mingw/bin/../lib/gcc/arm-none-eabi/10.3.1/thumb/v7-m/nofp\libgcc.a(_arm_cmpdf2.o)
                0x08001424                __gtdf2
                0x08001424                __gedf2
                0x0800142c                __ltdf2
                0x0800142c                __ledf2
                0x08001434                __nedf2
                0x08001434                __eqdf2
                0x08001434                __cmpdf2
                0x080014b0                __aeabi_cdrcmple
                0x080014c0                __aeabi_cdcmpeq
                0x080014c0                __aeabi_cdcmple
                0x080014d0                __aeabi_dcmpeq
                0x080014e4                __aeabi_dcmplt
                0x080014f8                __aeabi_dcmple
                0x0800150c                __aeabi_dcmpge
                0x08001520                __aeabi_dcmpgt
 .text          0x08001534       0x2c d:/env/env-windows/tools/gnu_gcc/arm_gcc/mingw/bin/../lib/gcc/arm-none-eabi/10.3.1/thumb/v7-m/nofp\libgcc.a(_arm_unorddf2.o)
                0x08001534                __unorddf2
                0x08001534                __aeabi_dcmpun
 .text          0x08001560       0x50 d:/env/env-windows/tools/gnu_gcc/arm_gcc/mingw/bin/../lib/gcc/arm-none-eabi/10.3.1/thumb/v7-m/nofp\libgcc.a(_arm_fixdfsi.o)
                0x08001560                __aeabi_d2iz
                0x08001560                __fixdfsi
 .text          0x080015b0       0x30 d:/env/env-windows/tools/gnu_gcc/arm_gcc/mingw/bin/../lib/gcc/arm-none-eabi/10.3.1/thumb/v7-m/nofp\libgcc.a(_aeabi_uldivmod.o)
                0x080015b0                __aeabi_uldivmod
 *(.text*)
 .text.pid_calculate
                0x080015e0       0xf0 CMakeFiles/pid_car.elf.dir/Core/Src/AI.c.obj
                0x080015e0                pid_calculate
 .text.PID_Init
                0x080016d0       0x12 CMakeFiles/pid_car.elf.dir/Core/Src/AI.c.obj
                0x080016d0                PID_Init
 .text.Read_Speed
                0x080016e2        0x6 CMakeFiles/pid_car.elf.dir/Core/Src/AI.c.obj
                0x080016e2                Read_Speed
 .text.MPU6050  0x080016e8       0x44 CMakeFiles/pid_car.elf.dir/Core/Src/AI.c.obj
                0x080016e8                MPU6050
 .text.IIC_Start
                0x0800172c       0x34 CMakeFiles/pid_car.elf.dir/Core/Src/IIC.c.obj
                0x0800172c                IIC_Start
 .text.IIC_Stop
                0x08001760       0x28 CMakeFiles/pid_car.elf.dir/Core/Src/IIC.c.obj
                0x08001760                IIC_Stop
 .text.IIC_Send_Byte
                0x08001788       0x5c CMakeFiles/pid_car.elf.dir/Core/Src/IIC.c.obj
                0x08001788                IIC_Send_Byte
 .text.IIC_Wait_Ack
                0x080017e4       0x38 CMakeFiles/pid_car.elf.dir/Core/Src/IIC.c.obj
                0x080017e4                IIC_Wait_Ack
 .text.IIC_Ack  0x0800181c       0x34 CMakeFiles/pid_car.elf.dir/Core/Src/IIC.c.obj
                0x0800181c                IIC_Ack
 .text.IIC_NAck
                0x08001850       0x28 CMakeFiles/pid_car.elf.dir/Core/Src/IIC.c.obj
                0x08001850                IIC_NAck
 .text.IIC_Read_Byte
                0x08001878       0x54 CMakeFiles/pid_car.elf.dir/Core/Src/IIC.c.obj
                0x08001878                IIC_Read_Byte
 .text.IIC_GPIO_Init
                0x080018cc       0x40 CMakeFiles/pid_car.elf.dir/Core/Src/IIC.c.obj
                0x080018cc                IIC_GPIO_Init
 .text.OLED_I2C_Init
                0x0800190c       0x54 CMakeFiles/pid_car.elf.dir/Core/Src/OLED.c.obj
                0x0800190c                OLED_I2C_Init
 .text.OLED_I2C_Start
                0x08001960       0x3c CMakeFiles/pid_car.elf.dir/Core/Src/OLED.c.obj
                0x08001960                OLED_I2C_Start
 .text.OLED_I2C_Stop
                0x0800199c       0x30 CMakeFiles/pid_car.elf.dir/Core/Src/OLED.c.obj
                0x0800199c                OLED_I2C_Stop
 .text.OLED_I2C_SendByte
                0x080019cc       0x5c CMakeFiles/pid_car.elf.dir/Core/Src/OLED.c.obj
                0x080019cc                OLED_I2C_SendByte
 .text.OLED_WriteCommand
                0x08001a28       0x20 CMakeFiles/pid_car.elf.dir/Core/Src/OLED.c.obj
                0x08001a28                OLED_WriteCommand
 .text.OLED_WriteData
                0x08001a48       0x20 CMakeFiles/pid_car.elf.dir/Core/Src/OLED.c.obj
                0x08001a48                OLED_WriteData
 .text.OLED_SetCursor
                0x08001a68       0x20 CMakeFiles/pid_car.elf.dir/Core/Src/OLED.c.obj
                0x08001a68                OLED_SetCursor
 .text.OLED_Clear
                0x08001a88       0x2c CMakeFiles/pid_car.elf.dir/Core/Src/OLED.c.obj
                0x08001a88                OLED_Clear
 .text.OLED_ShowChar
                0x08001ab4       0x64 CMakeFiles/pid_car.elf.dir/Core/Src/OLED.c.obj
                0x08001ab4                OLED_ShowChar
 .text.OLED_ShowString
                0x08001b18       0x22 CMakeFiles/pid_car.elf.dir/Core/Src/OLED.c.obj
                0x08001b18                OLED_ShowString
 .text.OLED_Init
                0x08001b3a       0xae CMakeFiles/pid_car.elf.dir/Core/Src/OLED.c.obj
                0x08001b3a                OLED_Init
 .text.set_right_speed
                0x08001be8       0x60 CMakeFiles/pid_car.elf.dir/Core/Src/car_control_new.c.obj
                0x08001be8                set_right_speed
 .text.set_left_speed
                0x08001c48       0x60 CMakeFiles/pid_car.elf.dir/Core/Src/car_control_new.c.obj
                0x08001c48                set_left_speed
 .text.Go_Motor
                0x08001ca8       0x18 CMakeFiles/pid_car.elf.dir/Core/Src/car_control_new.c.obj
                0x08001ca8                Go_Motor
 .text.Start_PWM
                0x08001cc0       0x1c CMakeFiles/pid_car.elf.dir/Core/Src/car_control_new.c.obj
                0x08001cc0                Start_PWM
 .text.MX_GPIO_Init
                0x08001cdc       0xc8 CMakeFiles/pid_car.elf.dir/Core/Src/gpio.c.obj
                0x08001cdc                MX_GPIO_Init
 .text.MX_I2C1_Init
                0x08001da4       0x3c CMakeFiles/pid_car.elf.dir/Core/Src/i2c.c.obj
                0x08001da4                MX_I2C1_Init
 .text.HAL_I2C_MspInit
                0x08001de0       0x78 CMakeFiles/pid_car.elf.dir/Core/Src/i2c.c.obj
                0x08001de0                HAL_I2C_MspInit
 .text.get_accel_prod_shift
                0x08001e58       0xc4 CMakeFiles/pid_car.elf.dir/Core/Src/inv_mpu.c.obj
 .text.accel_self_test
                0x08001f1c       0xa8 CMakeFiles/pid_car.elf.dir/Core/Src/inv_mpu.c.obj
 .text.gyro_self_test
                0x08001fc4      0x100 CMakeFiles/pid_car.elf.dir/Core/Src/inv_mpu.c.obj
 .text.set_int_enable
                0x080020c4       0x98 CMakeFiles/pid_car.elf.dir/Core/Src/inv_mpu.c.obj
 .text.get_st_biases
                0x0800215c      0x428 CMakeFiles/pid_car.elf.dir/Core/Src/inv_mpu.c.obj
 .text.mpu_reset_fifo
                0x08002584      0x1f8 CMakeFiles/pid_car.elf.dir/Core/Src/inv_mpu.c.obj
                0x08002584                mpu_reset_fifo
 .text.mpu_get_gyro_fsr
                0x0800277c       0x3c CMakeFiles/pid_car.elf.dir/Core/Src/inv_mpu.c.obj
                0x0800277c                mpu_get_gyro_fsr
 .text.mpu_set_gyro_fsr
                0x080027b8       0x98 CMakeFiles/pid_car.elf.dir/Core/Src/inv_mpu.c.obj
                0x080027b8                mpu_set_gyro_fsr
 .text.mpu_get_accel_fsr
                0x08002850       0x44 CMakeFiles/pid_car.elf.dir/Core/Src/inv_mpu.c.obj
                0x08002850                mpu_get_accel_fsr
 .text.mpu_set_accel_fsr
                0x08002894       0x94 CMakeFiles/pid_car.elf.dir/Core/Src/inv_mpu.c.obj
                0x08002894                mpu_set_accel_fsr
 .text.mpu_get_lpf
                0x08002928       0x44 CMakeFiles/pid_car.elf.dir/Core/Src/inv_mpu.c.obj
                0x08002928                mpu_get_lpf
 .text.mpu_set_lpf
                0x0800296c       0x94 CMakeFiles/pid_car.elf.dir/Core/Src/inv_mpu.c.obj
                0x0800296c                mpu_set_lpf
 .text.mpu_get_sample_rate
                0x08002a00       0x1c CMakeFiles/pid_car.elf.dir/Core/Src/inv_mpu.c.obj
                0x08002a00                mpu_get_sample_rate
 .text.mpu_get_gyro_sens
                0x08002a1c       0x4c CMakeFiles/pid_car.elf.dir/Core/Src/inv_mpu.c.obj
                0x08002a1c                mpu_get_gyro_sens
 .text.mpu_get_accel_sens
                0x08002a68       0x4c CMakeFiles/pid_car.elf.dir/Core/Src/inv_mpu.c.obj
                0x08002a68                mpu_get_accel_sens
 .text.mpu_get_fifo_config
                0x08002ab4       0x10 CMakeFiles/pid_car.elf.dir/Core/Src/inv_mpu.c.obj
                0x08002ab4                mpu_get_fifo_config
 .text.mpu_configure_fifo
                0x08002ac4       0x64 CMakeFiles/pid_car.elf.dir/Core/Src/inv_mpu.c.obj
                0x08002ac4                mpu_configure_fifo
 .text.mpu_read_fifo_stream
                0x08002b28       0xc0 CMakeFiles/pid_car.elf.dir/Core/Src/inv_mpu.c.obj
                0x08002b28                mpu_read_fifo_stream
 .text.mpu_set_bypass
                0x08002be8      0x168 CMakeFiles/pid_car.elf.dir/Core/Src/inv_mpu.c.obj
                0x08002be8                mpu_set_bypass
 .text.mpu_set_int_latched
                0x08002d50       0x74 CMakeFiles/pid_car.elf.dir/Core/Src/inv_mpu.c.obj
                0x08002d50                mpu_set_int_latched
 .text.mpu_lp_accel_mode
                0x08002dc4       0xdc CMakeFiles/pid_car.elf.dir/Core/Src/inv_mpu.c.obj
                0x08002dc4                mpu_lp_accel_mode
 .text.mpu_set_sample_rate
                0x08002ea0       0xa0 CMakeFiles/pid_car.elf.dir/Core/Src/inv_mpu.c.obj
                0x08002ea0                mpu_set_sample_rate
 .text.mpu_set_sensors
                0x08002f40       0xe4 CMakeFiles/pid_car.elf.dir/Core/Src/inv_mpu.c.obj
                0x08002f40                mpu_set_sensors
 .text.mpu_init
                0x08003024      0x198 CMakeFiles/pid_car.elf.dir/Core/Src/inv_mpu.c.obj
                0x08003024                mpu_init
 .text.mpu_write_mem
                0x080031bc       0x74 CMakeFiles/pid_car.elf.dir/Core/Src/inv_mpu.c.obj
                0x080031bc                mpu_write_mem
 .text.mpu_read_mem
                0x08003230       0x74 CMakeFiles/pid_car.elf.dir/Core/Src/inv_mpu.c.obj
                0x08003230                mpu_read_mem
 .text.mpu_load_firmware
                0x080032a4       0xb4 CMakeFiles/pid_car.elf.dir/Core/Src/inv_mpu.c.obj
                0x080032a4                mpu_load_firmware
 .text.mpu_set_dmp_state
                0x08003358       0x94 CMakeFiles/pid_car.elf.dir/Core/Src/inv_mpu.c.obj
                0x08003358                mpu_set_dmp_state
 .text.mpu_run_self_test
                0x080033ec      0x104 CMakeFiles/pid_car.elf.dir/Core/Src/inv_mpu.c.obj
                0x080033ec                mpu_run_self_test
 .text.run_self_test
                0x080034f0       0x88 CMakeFiles/pid_car.elf.dir/Core/Src/inv_mpu.c.obj
                0x080034f0                run_self_test
 .text.inv_row_2_scale
                0x08003578       0x3a CMakeFiles/pid_car.elf.dir/Core/Src/inv_mpu.c.obj
                0x08003578                inv_row_2_scale
 .text.inv_orientation_matrix_to_scalar
                0x080035b2       0x24 CMakeFiles/pid_car.elf.dir/Core/Src/inv_mpu.c.obj
                0x080035b2                inv_orientation_matrix_to_scalar
 .text.mget_ms  0x080035d6        0x2 CMakeFiles/pid_car.elf.dir/Core/Src/inv_mpu.c.obj
                0x080035d6                mget_ms
 .text.mpu_dmp_init
                0x080035d8       0x9c CMakeFiles/pid_car.elf.dir/Core/Src/inv_mpu.c.obj
                0x080035d8                mpu_dmp_init
 *fill*         0x08003674        0x4 
 .text.mpu_dmp_get_data
                0x08003678      0x1c8 CMakeFiles/pid_car.elf.dir/Core/Src/inv_mpu.c.obj
                0x08003678                mpu_dmp_get_data
 .text.decode_gesture
                0x08003840       0x3c CMakeFiles/pid_car.elf.dir/Core/Src/inv_mpu_dmp_motion_driver.c.obj
 .text.dmp_load_motion_driver_firmware
                0x0800387c       0x18 CMakeFiles/pid_car.elf.dir/Core/Src/inv_mpu_dmp_motion_driver.c.obj
                0x0800387c                dmp_load_motion_driver_firmware
 .text.dmp_set_orientation
                0x08003894      0x14c CMakeFiles/pid_car.elf.dir/Core/Src/inv_mpu_dmp_motion_driver.c.obj
                0x08003894                dmp_set_orientation
 .text.dmp_set_gyro_bias
                0x080039e0      0x110 CMakeFiles/pid_car.elf.dir/Core/Src/inv_mpu_dmp_motion_driver.c.obj
                0x080039e0                dmp_set_gyro_bias
 .text.dmp_set_accel_bias
                0x08003af0       0xf4 CMakeFiles/pid_car.elf.dir/Core/Src/inv_mpu_dmp_motion_driver.c.obj
                0x08003af0                dmp_set_accel_bias
 .text.dmp_set_fifo_rate
                0x08003be4       0x68 CMakeFiles/pid_car.elf.dir/Core/Src/inv_mpu_dmp_motion_driver.c.obj
                0x08003be4                dmp_set_fifo_rate
 .text.dmp_set_tap_thresh
                0x08003c4c      0x1a0 CMakeFiles/pid_car.elf.dir/Core/Src/inv_mpu_dmp_motion_driver.c.obj
                0x08003c4c                dmp_set_tap_thresh
 .text.dmp_set_tap_axes
                0x08003dec       0x4e CMakeFiles/pid_car.elf.dir/Core/Src/inv_mpu_dmp_motion_driver.c.obj
                0x08003dec                dmp_set_tap_axes
 .text.dmp_set_tap_count
                0x08003e3a       0x2c CMakeFiles/pid_car.elf.dir/Core/Src/inv_mpu_dmp_motion_driver.c.obj
                0x08003e3a                dmp_set_tap_count
 *fill*         0x08003e66        0x2 
 .text.dmp_set_tap_time
                0x08003e68       0x30 CMakeFiles/pid_car.elf.dir/Core/Src/inv_mpu_dmp_motion_driver.c.obj
                0x08003e68                dmp_set_tap_time
 .text.dmp_set_tap_time_multi
                0x08003e98       0x30 CMakeFiles/pid_car.elf.dir/Core/Src/inv_mpu_dmp_motion_driver.c.obj
                0x08003e98                dmp_set_tap_time_multi
 .text.dmp_set_shake_reject_thresh
                0x08003ec8       0x44 CMakeFiles/pid_car.elf.dir/Core/Src/inv_mpu_dmp_motion_driver.c.obj
                0x08003ec8                dmp_set_shake_reject_thresh
 .text.dmp_set_shake_reject_time
                0x08003f0c       0x2c CMakeFiles/pid_car.elf.dir/Core/Src/inv_mpu_dmp_motion_driver.c.obj
                0x08003f0c                dmp_set_shake_reject_time
 .text.dmp_set_shake_reject_timeout
                0x08003f38       0x2c CMakeFiles/pid_car.elf.dir/Core/Src/inv_mpu_dmp_motion_driver.c.obj
                0x08003f38                dmp_set_shake_reject_timeout
 .text.dmp_enable_gyro_cal
                0x08003f64       0x44 CMakeFiles/pid_car.elf.dir/Core/Src/inv_mpu_dmp_motion_driver.c.obj
                0x08003f64                dmp_enable_gyro_cal
 .text.dmp_enable_lp_quat
                0x08003fa8       0x3c CMakeFiles/pid_car.elf.dir/Core/Src/inv_mpu_dmp_motion_driver.c.obj
                0x08003fa8                dmp_enable_lp_quat
 .text.dmp_enable_6x_lp_quat
                0x08003fe4       0x3c CMakeFiles/pid_car.elf.dir/Core/Src/inv_mpu_dmp_motion_driver.c.obj
                0x08003fe4                dmp_enable_6x_lp_quat
 .text.dmp_enable_feature
                0x08004020      0x218 CMakeFiles/pid_car.elf.dir/Core/Src/inv_mpu_dmp_motion_driver.c.obj
                0x08004020                dmp_enable_feature
 .text.dmp_read_fifo
                0x08004238      0x1f4 CMakeFiles/pid_car.elf.dir/Core/Src/inv_mpu_dmp_motion_driver.c.obj
                0x08004238                dmp_read_fifo
 .text.Error_Handler
                0x0800442c        0x4 CMakeFiles/pid_car.elf.dir/Core/Src/main.c.obj
                0x0800442c                Error_Handler
 .text.SystemClock_Config
                0x08004430       0x64 CMakeFiles/pid_car.elf.dir/Core/Src/main.c.obj
                0x08004430                SystemClock_Config
 .text.main     0x08004494       0x74 CMakeFiles/pid_car.elf.dir/Core/Src/main.c.obj
                0x08004494                main
 .text.MPU_Write_Len
                0x08004508       0x62 CMakeFiles/pid_car.elf.dir/Core/Src/mpu6050.c.obj
                0x08004508                MPU_Write_Len
 .text.MPU_Read_Len
                0x0800456a       0x6c CMakeFiles/pid_car.elf.dir/Core/Src/mpu6050.c.obj
                0x0800456a                MPU_Read_Len
 .text.MPU_Write_Byte
                0x080045d6       0x46 CMakeFiles/pid_car.elf.dir/Core/Src/mpu6050.c.obj
                0x080045d6                MPU_Write_Byte
 .text.MPU_Set_Gyro_Fsr
                0x0800461c       0x10 CMakeFiles/pid_car.elf.dir/Core/Src/mpu6050.c.obj
                0x0800461c                MPU_Set_Gyro_Fsr
 .text.MPU_Set_Accel_Fsr
                0x0800462c       0x10 CMakeFiles/pid_car.elf.dir/Core/Src/mpu6050.c.obj
                0x0800462c                MPU_Set_Accel_Fsr
 .text.MPU_Set_LPF
                0x0800463c       0x34 CMakeFiles/pid_car.elf.dir/Core/Src/mpu6050.c.obj
                0x0800463c                MPU_Set_LPF
 .text.MPU_Set_Rate
                0x08004670       0x32 CMakeFiles/pid_car.elf.dir/Core/Src/mpu6050.c.obj
                0x08004670                MPU_Set_Rate
 .text.MPU_Read_Byte
                0x080046a2       0x3a CMakeFiles/pid_car.elf.dir/Core/Src/mpu6050.c.obj
                0x080046a2                MPU_Read_Byte
 .text.MPU_Init
                0x080046dc       0x76 CMakeFiles/pid_car.elf.dir/Core/Src/mpu6050.c.obj
                0x080046dc                MPU_Init
 *fill*         0x08004752        0x2 
 .text.pos_spe_pid
                0x08004754      0x15c CMakeFiles/pid_car.elf.dir/Core/Src/position_speed_pid.c.obj
                0x08004754                pos_spe_pid
 .text.HAL_MspInit
                0x080048b0       0x44 CMakeFiles/pid_car.elf.dir/Core/Src/stm32f1xx_hal_msp.c.obj
                0x080048b0                HAL_MspInit
 .text.NMI_Handler
                0x080048f4        0x2 CMakeFiles/pid_car.elf.dir/Core/Src/stm32f1xx_it.c.obj
                0x080048f4                NMI_Handler
 .text.HardFault_Handler
                0x080048f6        0x2 CMakeFiles/pid_car.elf.dir/Core/Src/stm32f1xx_it.c.obj
                0x080048f6                HardFault_Handler
 .text.MemManage_Handler
                0x080048f8        0x2 CMakeFiles/pid_car.elf.dir/Core/Src/stm32f1xx_it.c.obj
                0x080048f8                MemManage_Handler
 .text.BusFault_Handler
                0x080048fa        0x2 CMakeFiles/pid_car.elf.dir/Core/Src/stm32f1xx_it.c.obj
                0x080048fa                BusFault_Handler
 .text.UsageFault_Handler
                0x080048fc        0x2 CMakeFiles/pid_car.elf.dir/Core/Src/stm32f1xx_it.c.obj
                0x080048fc                UsageFault_Handler
 .text.SVC_Handler
                0x080048fe        0x2 CMakeFiles/pid_car.elf.dir/Core/Src/stm32f1xx_it.c.obj
                0x080048fe                SVC_Handler
 .text.DebugMon_Handler
                0x08004900        0x2 CMakeFiles/pid_car.elf.dir/Core/Src/stm32f1xx_it.c.obj
                0x08004900                DebugMon_Handler
 .text.PendSV_Handler
                0x08004902        0x2 CMakeFiles/pid_car.elf.dir/Core/Src/stm32f1xx_it.c.obj
                0x08004902                PendSV_Handler
 .text.SysTick_Handler
                0x08004904        0x8 CMakeFiles/pid_car.elf.dir/Core/Src/stm32f1xx_it.c.obj
                0x08004904                SysTick_Handler
 .text._getpid  0x0800490c        0x4 CMakeFiles/pid_car.elf.dir/Core/Src/syscalls.c.obj
                0x0800490c                _getpid
 .text._kill    0x08004910       0x10 CMakeFiles/pid_car.elf.dir/Core/Src/syscalls.c.obj
                0x08004910                _kill
 .text._exit    0x08004920        0xc CMakeFiles/pid_car.elf.dir/Core/Src/syscalls.c.obj
                0x08004920                _exit
 .text._read    0x0800492c       0x20 CMakeFiles/pid_car.elf.dir/Core/Src/syscalls.c.obj
                0x0800492c                _read
 .text._write   0x0800494c       0x1c CMakeFiles/pid_car.elf.dir/Core/Src/syscalls.c.obj
                0x0800494c                _write
 .text._close   0x08004968        0x6 CMakeFiles/pid_car.elf.dir/Core/Src/syscalls.c.obj
                0x08004968                _close
 .text._fstat   0x0800496e        0xa CMakeFiles/pid_car.elf.dir/Core/Src/syscalls.c.obj
                0x0800496e                _fstat
 .text._isatty  0x08004978        0x4 CMakeFiles/pid_car.elf.dir/Core/Src/syscalls.c.obj
                0x08004978                _isatty
 .text._lseek   0x0800497c        0x4 CMakeFiles/pid_car.elf.dir/Core/Src/syscalls.c.obj
                0x0800497c                _lseek
 .text._sbrk    0x08004980       0x48 CMakeFiles/pid_car.elf.dir/Core/Src/sysmem.c.obj
                0x08004980                _sbrk
 .text.SystemInit
                0x080049c8        0x2 CMakeFiles/pid_car.elf.dir/Core/Src/system_stm32f1xx.c.obj
                0x080049c8                SystemInit
 *fill*         0x080049ca        0x2 
 .text.MX_TIM2_Init
                0x080049cc       0x60 CMakeFiles/pid_car.elf.dir/Core/Src/tim.c.obj
                0x080049cc                MX_TIM2_Init
 .text.MX_TIM3_Init
                0x08004a2c       0x64 CMakeFiles/pid_car.elf.dir/Core/Src/tim.c.obj
                0x08004a2c                MX_TIM3_Init
 .text.HAL_TIM_Base_MspInit
                0x08004a90       0x2c CMakeFiles/pid_car.elf.dir/Core/Src/tim.c.obj
                0x08004a90                HAL_TIM_Base_MspInit
 .text.HAL_TIM_Encoder_MspInit
                0x08004abc       0x98 CMakeFiles/pid_car.elf.dir/Core/Src/tim.c.obj
                0x08004abc                HAL_TIM_Encoder_MspInit
 .text.HAL_TIM_MspPostInit
                0x08004b54       0x50 CMakeFiles/pid_car.elf.dir/Core/Src/tim.c.obj
                0x08004b54                HAL_TIM_MspPostInit
 .text.MX_TIM1_Init
                0x08004ba4       0xfc CMakeFiles/pid_car.elf.dir/Core/Src/tim.c.obj
                0x08004ba4                MX_TIM1_Init
 .text.Reset_Handler
                0x08004ca0       0x48 CMakeFiles/pid_car.elf.dir/Core/Startup/startup_stm32f103c8tx.s.obj
                0x08004ca0                Reset_Handler
 .text.Default_Handler
                0x08004ce8        0x2 CMakeFiles/pid_car.elf.dir/Core/Startup/startup_stm32f103c8tx.s.obj
                0x08004ce8                RTC_Alarm_IRQHandler
                0x08004ce8                EXTI2_IRQHandler
                0x08004ce8                TIM1_CC_IRQHandler
                0x08004ce8                PVD_IRQHandler
                0x08004ce8                EXTI3_IRQHandler
                0x08004ce8                EXTI0_IRQHandler
                0x08004ce8                I2C2_EV_IRQHandler
                0x08004ce8                ADC1_2_IRQHandler
                0x08004ce8                SPI1_IRQHandler
                0x08004ce8                TAMPER_IRQHandler
                0x08004ce8                DMA1_Channel4_IRQHandler
                0x08004ce8                USART3_IRQHandler
                0x08004ce8                RTC_IRQHandler
                0x08004ce8                DMA1_Channel7_IRQHandler
                0x08004ce8                CAN1_RX1_IRQHandler
                0x08004ce8                TIM4_IRQHandler
                0x08004ce8                I2C1_EV_IRQHandler
                0x08004ce8                DMA1_Channel6_IRQHandler
                0x08004ce8                TIM3_IRQHandler
                0x08004ce8                RCC_IRQHandler
                0x08004ce8                TIM1_TRG_COM_IRQHandler
                0x08004ce8                DMA1_Channel1_IRQHandler
                0x08004ce8                Default_Handler
                0x08004ce8                EXTI15_10_IRQHandler
                0x08004ce8                EXTI9_5_IRQHandler
                0x08004ce8                SPI2_IRQHandler
                0x08004ce8                DMA1_Channel5_IRQHandler
                0x08004ce8                EXTI4_IRQHandler
                0x08004ce8                USB_LP_CAN1_RX0_IRQHandler
                0x08004ce8                USB_HP_CAN1_TX_IRQHandler
                0x08004ce8                DMA1_Channel3_IRQHandler
                0x08004ce8                TIM1_UP_IRQHandler
                0x08004ce8                WWDG_IRQHandler
                0x08004ce8                TIM2_IRQHandler
                0x08004ce8                TIM1_BRK_IRQHandler
                0x08004ce8                EXTI1_IRQHandler
                0x08004ce8                USART2_IRQHandler
                0x08004ce8                I2C2_ER_IRQHandler
                0x08004ce8                DMA1_Channel2_IRQHandler
                0x08004ce8                CAN1_SCE_IRQHandler
                0x08004ce8                FLASH_IRQHandler
                0x08004ce8                USART1_IRQHandler
                0x08004ce8                I2C1_ER_IRQHandler
                0x08004ce8                USBWakeUp_IRQHandler
 *fill*         0x08004cea        0x2 
 .text.HAL_InitTick
                0x08004cec       0x4c CMakeFiles/pid_car.elf.dir/Drivers/STM32F1xx_HAL_Driver/Src/stm32f1xx_hal.c.obj
                0x08004cec                HAL_InitTick
 .text.HAL_Init
                0x08004d38       0x24 CMakeFiles/pid_car.elf.dir/Drivers/STM32F1xx_HAL_Driver/Src/stm32f1xx_hal.c.obj
                0x08004d38                HAL_Init
 .text.HAL_IncTick
                0x08004d5c       0x18 CMakeFiles/pid_car.elf.dir/Drivers/STM32F1xx_HAL_Driver/Src/stm32f1xx_hal.c.obj
                0x08004d5c                HAL_IncTick
 .text.HAL_GetTick
                0x08004d74        0xc CMakeFiles/pid_car.elf.dir/Drivers/STM32F1xx_HAL_Driver/Src/stm32f1xx_hal.c.obj
                0x08004d74                HAL_GetTick
 .text.HAL_Delay
                0x08004d80       0x28 CMakeFiles/pid_car.elf.dir/Drivers/STM32F1xx_HAL_Driver/Src/stm32f1xx_hal.c.obj
                0x08004d80                HAL_Delay
 .text.HAL_NVIC_SetPriorityGrouping
                0x08004da8       0x24 CMakeFiles/pid_car.elf.dir/Drivers/STM32F1xx_HAL_Driver/Src/stm32f1xx_hal_cortex.c.obj
                0x08004da8                HAL_NVIC_SetPriorityGrouping
 .text.HAL_NVIC_SetPriority
                0x08004dcc       0x70 CMakeFiles/pid_car.elf.dir/Drivers/STM32F1xx_HAL_Driver/Src/stm32f1xx_hal_cortex.c.obj
                0x08004dcc                HAL_NVIC_SetPriority
 .text.HAL_SYSTICK_Config
                0x08004e3c       0x28 CMakeFiles/pid_car.elf.dir/Drivers/STM32F1xx_HAL_Driver/Src/stm32f1xx_hal_cortex.c.obj
                0x08004e3c                HAL_SYSTICK_Config
 .text.HAL_GPIO_Init
                0x08004e64      0x224 CMakeFiles/pid_car.elf.dir/Drivers/STM32F1xx_HAL_Driver/Src/stm32f1xx_hal_gpio.c.obj
                0x08004e64                HAL_GPIO_Init
 .text.HAL_GPIO_ReadPin
                0x08005088        0xe CMakeFiles/pid_car.elf.dir/Drivers/STM32F1xx_HAL_Driver/Src/stm32f1xx_hal_gpio.c.obj
                0x08005088                HAL_GPIO_ReadPin
 .text.HAL_GPIO_WritePin
                0x08005096        0xc CMakeFiles/pid_car.elf.dir/Drivers/STM32F1xx_HAL_Driver/Src/stm32f1xx_hal_gpio.c.obj
                0x08005096                HAL_GPIO_WritePin
 *fill*         0x080050a2        0x2 
 .text.HAL_I2C_Init
                0x080050a4      0x1bc CMakeFiles/pid_car.elf.dir/Drivers/STM32F1xx_HAL_Driver/Src/stm32f1xx_hal_i2c.c.obj
                0x080050a4                HAL_I2C_Init
 .text.RCC_Delay
                0x08005260       0x2c CMakeFiles/pid_car.elf.dir/Drivers/STM32F1xx_HAL_Driver/Src/stm32f1xx_hal_rcc.c.obj
 .text.HAL_RCC_OscConfig
                0x0800528c      0x410 CMakeFiles/pid_car.elf.dir/Drivers/STM32F1xx_HAL_Driver/Src/stm32f1xx_hal_rcc.c.obj
                0x0800528c                HAL_RCC_OscConfig
 .text.HAL_RCC_GetSysClockFreq
                0x0800569c       0x54 CMakeFiles/pid_car.elf.dir/Drivers/STM32F1xx_HAL_Driver/Src/stm32f1xx_hal_rcc.c.obj
                0x0800569c                HAL_RCC_GetSysClockFreq
 .text.HAL_RCC_ClockConfig
                0x080056f0      0x16c CMakeFiles/pid_car.elf.dir/Drivers/STM32F1xx_HAL_Driver/Src/stm32f1xx_hal_rcc.c.obj
                0x080056f0                HAL_RCC_ClockConfig
 .text.HAL_RCC_GetHCLKFreq
                0x0800585c        0xc CMakeFiles/pid_car.elf.dir/Drivers/STM32F1xx_HAL_Driver/Src/stm32f1xx_hal_rcc.c.obj
                0x0800585c                HAL_RCC_GetHCLKFreq
 .text.HAL_RCC_GetPCLK1Freq
                0x08005868       0x20 CMakeFiles/pid_car.elf.dir/Drivers/STM32F1xx_HAL_Driver/Src/stm32f1xx_hal_rcc.c.obj
                0x08005868                HAL_RCC_GetPCLK1Freq
 .text.TIM_OC1_SetConfig
                0x08005888       0x5c CMakeFiles/pid_car.elf.dir/Drivers/STM32F1xx_HAL_Driver/Src/stm32f1xx_hal_tim.c.obj
 .text.TIM_OC3_SetConfig
                0x080058e4       0x64 CMakeFiles/pid_car.elf.dir/Drivers/STM32F1xx_HAL_Driver/Src/stm32f1xx_hal_tim.c.obj
 .text.TIM_OC4_SetConfig
                0x08005948       0x48 CMakeFiles/pid_car.elf.dir/Drivers/STM32F1xx_HAL_Driver/Src/stm32f1xx_hal_tim.c.obj
 .text.TIM_TI1_ConfigInputStage
                0x08005990       0x24 CMakeFiles/pid_car.elf.dir/Drivers/STM32F1xx_HAL_Driver/Src/stm32f1xx_hal_tim.c.obj
 .text.TIM_TI2_ConfigInputStage
                0x080059b4       0x26 CMakeFiles/pid_car.elf.dir/Drivers/STM32F1xx_HAL_Driver/Src/stm32f1xx_hal_tim.c.obj
 .text.TIM_ITRx_SetConfig
                0x080059da       0x10 CMakeFiles/pid_car.elf.dir/Drivers/STM32F1xx_HAL_Driver/Src/stm32f1xx_hal_tim.c.obj
 .text.HAL_TIM_PWM_MspInit
                0x080059ea        0x2 CMakeFiles/pid_car.elf.dir/Drivers/STM32F1xx_HAL_Driver/Src/stm32f1xx_hal_tim.c.obj
                0x080059ea                HAL_TIM_PWM_MspInit
 .text.TIM_Base_SetConfig
                0x080059ec       0x84 CMakeFiles/pid_car.elf.dir/Drivers/STM32F1xx_HAL_Driver/Src/stm32f1xx_hal_tim.c.obj
                0x080059ec                TIM_Base_SetConfig
 .text.HAL_TIM_Base_Init
                0x08005a70       0x58 CMakeFiles/pid_car.elf.dir/Drivers/STM32F1xx_HAL_Driver/Src/stm32f1xx_hal_tim.c.obj
                0x08005a70                HAL_TIM_Base_Init
 .text.HAL_TIM_PWM_Init
                0x08005ac8       0x58 CMakeFiles/pid_car.elf.dir/Drivers/STM32F1xx_HAL_Driver/Src/stm32f1xx_hal_tim.c.obj
                0x08005ac8                HAL_TIM_PWM_Init
 .text.HAL_TIM_Encoder_Init
                0x08005b20       0xb8 CMakeFiles/pid_car.elf.dir/Drivers/STM32F1xx_HAL_Driver/Src/stm32f1xx_hal_tim.c.obj
                0x08005b20                HAL_TIM_Encoder_Init
 .text.TIM_OC2_SetConfig
                0x08005bd8       0x64 CMakeFiles/pid_car.elf.dir/Drivers/STM32F1xx_HAL_Driver/Src/stm32f1xx_hal_tim.c.obj
                0x08005bd8                TIM_OC2_SetConfig
 .text.HAL_TIM_PWM_ConfigChannel
                0x08005c3c       0xdc CMakeFiles/pid_car.elf.dir/Drivers/STM32F1xx_HAL_Driver/Src/stm32f1xx_hal_tim.c.obj
                0x08005c3c                HAL_TIM_PWM_ConfigChannel
 .text.TIM_ETR_SetConfig
                0x08005d18       0x18 CMakeFiles/pid_car.elf.dir/Drivers/STM32F1xx_HAL_Driver/Src/stm32f1xx_hal_tim.c.obj
                0x08005d18                TIM_ETR_SetConfig
 .text.HAL_TIM_ConfigClockSource
                0x08005d30       0xfe CMakeFiles/pid_car.elf.dir/Drivers/STM32F1xx_HAL_Driver/Src/stm32f1xx_hal_tim.c.obj
                0x08005d30                HAL_TIM_ConfigClockSource
 .text.TIM_CCxChannelCmd
                0x08005e2e       0x1e CMakeFiles/pid_car.elf.dir/Drivers/STM32F1xx_HAL_Driver/Src/stm32f1xx_hal_tim.c.obj
                0x08005e2e                TIM_CCxChannelCmd
 .text.HAL_TIM_PWM_Start
                0x08005e4c       0xdc CMakeFiles/pid_car.elf.dir/Drivers/STM32F1xx_HAL_Driver/Src/stm32f1xx_hal_tim.c.obj
                0x08005e4c                HAL_TIM_PWM_Start
 .text.HAL_TIM_Encoder_Start
                0x08005f28       0xcc CMakeFiles/pid_car.elf.dir/Drivers/STM32F1xx_HAL_Driver/Src/stm32f1xx_hal_tim.c.obj
                0x08005f28                HAL_TIM_Encoder_Start
 .text.HAL_TIMEx_MasterConfigSynchronization
                0x08005ff4       0x6c CMakeFiles/pid_car.elf.dir/Drivers/STM32F1xx_HAL_Driver/Src/stm32f1xx_hal_tim_ex.c.obj
                0x08005ff4                HAL_TIMEx_MasterConfigSynchronization
 .text.HAL_TIMEx_ConfigBreakDeadTime
                0x08006060       0x52 CMakeFiles/pid_car.elf.dir/Drivers/STM32F1xx_HAL_Driver/Src/stm32f1xx_hal_tim_ex.c.obj
                0x08006060                HAL_TIMEx_ConfigBreakDeadTime
 *fill*         0x080060b2        0x2 
 .text.__errno  0x080060b4        0xc d:/env/env-windows/tools/gnu_gcc/arm_gcc/mingw/bin/../lib/gcc/arm-none-eabi/10.3.1/../../../../arm-none-eabi/lib/thumb/v7-m/nofp\libg.a(lib_a-errno.o)
                0x080060b4                __errno
 .text.__libc_init_array
                0x080060c0       0x48 d:/env/env-windows/tools/gnu_gcc/arm_gcc/mingw/bin/../lib/gcc/arm-none-eabi/10.3.1/../../../../arm-none-eabi/lib/thumb/v7-m/nofp\libg.a(lib_a-init.o)
                0x080060c0                __libc_init_array
 .text.memcmp   0x08006108       0x68 d:/env/env-windows/tools/gnu_gcc/arm_gcc/mingw/bin/../lib/gcc/arm-none-eabi/10.3.1/../../../../arm-none-eabi/lib/thumb/v7-m/nofp\libg.a(lib_a-memcmp.o)
                0x08006108                memcmp
 .text.memset   0x08006170       0xa4 d:/env/env-windows/tools/gnu_gcc/arm_gcc/mingw/bin/../lib/gcc/arm-none-eabi/10.3.1/../../../../arm-none-eabi/lib/thumb/v7-m/nofp\libg.a(lib_a-memset.o)
                0x08006170                memset
 .text.sprintf  0x08006214       0x44 d:/env/env-windows/tools/gnu_gcc/arm_gcc/mingw/bin/../lib/gcc/arm-none-eabi/10.3.1/../../../../arm-none-eabi/lib/thumb/v7-m/nofp\libg.a(lib_a-sprintf.o)
                0x08006214                sprintf
 .text._svfprintf_r
                0x08006258     0x1aa4 d:/env/env-windows/tools/gnu_gcc/arm_gcc/mingw/bin/../lib/gcc/arm-none-eabi/10.3.1/../../../../arm-none-eabi/lib/thumb/v7-m/nofp\libg.a(lib_a-svfprintf.o)
                0x08006258                _svfprintf_r
 .text.startup.register_fini
                0x08007cfc       0x14 d:/env/env-windows/tools/gnu_gcc/arm_gcc/mingw/bin/../lib/gcc/arm-none-eabi/10.3.1/../../../../arm-none-eabi/lib/thumb/v7-m/nofp\libg.a(lib_a-__call_atexit.o)
 .text.atexit   0x08007d10        0xc d:/env/env-windows/tools/gnu_gcc/arm_gcc/mingw/bin/../lib/gcc/arm-none-eabi/10.3.1/../../../../arm-none-eabi/lib/thumb/v7-m/nofp\libg.a(lib_a-atexit.o)
                0x08007d10                atexit
 .text.quorem   0x08007d1c      0x12c d:/env/env-windows/tools/gnu_gcc/arm_gcc/mingw/bin/../lib/gcc/arm-none-eabi/10.3.1/../../../../arm-none-eabi/lib/thumb/v7-m/nofp\libg.a(lib_a-dtoa.o)
 .text._dtoa_r  0x08007e48      0xecc d:/env/env-windows/tools/gnu_gcc/arm_gcc/mingw/bin/../lib/gcc/arm-none-eabi/10.3.1/../../../../arm-none-eabi/lib/thumb/v7-m/nofp\libg.a(lib_a-dtoa.o)
                0x08007e48                _dtoa_r
 .text.__libc_fini_array
                0x08008d14       0x2c d:/env/env-windows/tools/gnu_gcc/arm_gcc/mingw/bin/../lib/gcc/arm-none-eabi/10.3.1/../../../../arm-none-eabi/lib/thumb/v7-m/nofp\libg.a(lib_a-fini.o)
                0x08008d14                __libc_fini_array
 .text._malloc_trim_r
                0x08008d40       0xa0 d:/env/env-windows/tools/gnu_gcc/arm_gcc/mingw/bin/../lib/gcc/arm-none-eabi/10.3.1/../../../../arm-none-eabi/lib/thumb/v7-m/nofp\libg.a(lib_a-freer.o)
                0x08008d40                _malloc_trim_r
 .text._free_r  0x08008de0      0x200 d:/env/env-windows/tools/gnu_gcc/arm_gcc/mingw/bin/../lib/gcc/arm-none-eabi/10.3.1/../../../../arm-none-eabi/lib/thumb/v7-m/nofp\libg.a(lib_a-freer.o)
                0x08008de0                _free_r
 .text._localeconv_r
                0x08008fe0        0x8 d:/env/env-windows/tools/gnu_gcc/arm_gcc/mingw/bin/../lib/gcc/arm-none-eabi/10.3.1/../../../../arm-none-eabi/lib/thumb/v7-m/nofp\libg.a(lib_a-localeconv.o)
                0x08008fe0                _localeconv_r
 .text.__retarget_lock_init_recursive
                0x08008fe8        0x4 d:/env/env-windows/tools/gnu_gcc/arm_gcc/mingw/bin/../lib/gcc/arm-none-eabi/10.3.1/../../../../arm-none-eabi/lib/thumb/v7-m/nofp\libg.a(lib_a-lock.o)
                0x08008fe8                __retarget_lock_init_recursive
 .text.__retarget_lock_close_recursive
                0x08008fec        0x4 d:/env/env-windows/tools/gnu_gcc/arm_gcc/mingw/bin/../lib/gcc/arm-none-eabi/10.3.1/../../../../arm-none-eabi/lib/thumb/v7-m/nofp\libg.a(lib_a-lock.o)
                0x08008fec                __retarget_lock_close_recursive
 .text.__retarget_lock_acquire_recursive
                0x08008ff0        0x4 d:/env/env-windows/tools/gnu_gcc/arm_gcc/mingw/bin/../lib/gcc/arm-none-eabi/10.3.1/../../../../arm-none-eabi/lib/thumb/v7-m/nofp\libg.a(lib_a-lock.o)
                0x08008ff0                __retarget_lock_acquire_recursive
 .text.__retarget_lock_release_recursive
                0x08008ff4        0x4 d:/env/env-windows/tools/gnu_gcc/arm_gcc/mingw/bin/../lib/gcc/arm-none-eabi/10.3.1/../../../../arm-none-eabi/lib/thumb/v7-m/nofp\libg.a(lib_a-lock.o)
                0x08008ff4                __retarget_lock_release_recursive
 .text._malloc_r
                0x08008ff8      0x558 d:/env/env-windows/tools/gnu_gcc/arm_gcc/mingw/bin/../lib/gcc/arm-none-eabi/10.3.1/../../../../arm-none-eabi/lib/thumb/v7-m/nofp\libg.a(lib_a-mallocr.o)
                0x08008ff8                _malloc_r
 .text.memchr   0x08009550       0x90 d:/env/env-windows/tools/gnu_gcc/arm_gcc/mingw/bin/../lib/gcc/arm-none-eabi/10.3.1/../../../../arm-none-eabi/lib/thumb/v7-m/nofp\libg.a(lib_a-memchr-stub.o)
                0x08009550                memchr
 .text.__malloc_lock
                0x080095e0        0xc d:/env/env-windows/tools/gnu_gcc/arm_gcc/mingw/bin/../lib/gcc/arm-none-eabi/10.3.1/../../../../arm-none-eabi/lib/thumb/v7-m/nofp\libg.a(lib_a-mlock.o)
                0x080095e0                __malloc_lock
 .text.__malloc_unlock
                0x080095ec        0xc d:/env/env-windows/tools/gnu_gcc/arm_gcc/mingw/bin/../lib/gcc/arm-none-eabi/10.3.1/../../../../arm-none-eabi/lib/thumb/v7-m/nofp\libg.a(lib_a-mlock.o)
                0x080095ec                __malloc_unlock
 .text._Balloc  0x080095f8       0x4c d:/env/env-windows/tools/gnu_gcc/arm_gcc/mingw/bin/../lib/gcc/arm-none-eabi/10.3.1/../../../../arm-none-eabi/lib/thumb/v7-m/nofp\libg.a(lib_a-mprec.o)
                0x080095f8                _Balloc
 .text._Bfree   0x08009644       0x14 d:/env/env-windows/tools/gnu_gcc/arm_gcc/mingw/bin/../lib/gcc/arm-none-eabi/10.3.1/../../../../arm-none-eabi/lib/thumb/v7-m/nofp\libg.a(lib_a-mprec.o)
                0x08009644                _Bfree
 .text.__multadd
                0x08009658       0xa4 d:/env/env-windows/tools/gnu_gcc/arm_gcc/mingw/bin/../lib/gcc/arm-none-eabi/10.3.1/../../../../arm-none-eabi/lib/thumb/v7-m/nofp\libg.a(lib_a-mprec.o)
                0x08009658                __multadd
 .text.__hi0bits
                0x080096fc       0x40 d:/env/env-windows/tools/gnu_gcc/arm_gcc/mingw/bin/../lib/gcc/arm-none-eabi/10.3.1/../../../../arm-none-eabi/lib/thumb/v7-m/nofp\libg.a(lib_a-mprec.o)
                0x080096fc                __hi0bits
 .text.__lo0bits
                0x0800973c       0x58 d:/env/env-windows/tools/gnu_gcc/arm_gcc/mingw/bin/../lib/gcc/arm-none-eabi/10.3.1/../../../../arm-none-eabi/lib/thumb/v7-m/nofp\libg.a(lib_a-mprec.o)
                0x0800973c                __lo0bits
 .text.__i2b    0x08009794       0x5c d:/env/env-windows/tools/gnu_gcc/arm_gcc/mingw/bin/../lib/gcc/arm-none-eabi/10.3.1/../../../../arm-none-eabi/lib/thumb/v7-m/nofp\libg.a(lib_a-mprec.o)
                0x08009794                __i2b
 .text.__multiply
                0x080097f0      0x15c d:/env/env-windows/tools/gnu_gcc/arm_gcc/mingw/bin/../lib/gcc/arm-none-eabi/10.3.1/../../../../arm-none-eabi/lib/thumb/v7-m/nofp\libg.a(lib_a-mprec.o)
                0x080097f0                __multiply
 .text.__pow5mult
                0x0800994c       0xb8 d:/env/env-windows/tools/gnu_gcc/arm_gcc/mingw/bin/../lib/gcc/arm-none-eabi/10.3.1/../../../../arm-none-eabi/lib/thumb/v7-m/nofp\libg.a(lib_a-mprec.o)
                0x0800994c                __pow5mult
 .text.__lshift
                0x08009a04       0xec d:/env/env-windows/tools/gnu_gcc/arm_gcc/mingw/bin/../lib/gcc/arm-none-eabi/10.3.1/../../../../arm-none-eabi/lib/thumb/v7-m/nofp\libg.a(lib_a-mprec.o)
                0x08009a04                __lshift
 .text.__mcmp   0x08009af0       0x40 d:/env/env-windows/tools/gnu_gcc/arm_gcc/mingw/bin/../lib/gcc/arm-none-eabi/10.3.1/../../../../arm-none-eabi/lib/thumb/v7-m/nofp\libg.a(lib_a-mprec.o)
                0x08009af0                __mcmp
 .text.__mdiff  0x08009b30      0x14c d:/env/env-windows/tools/gnu_gcc/arm_gcc/mingw/bin/../lib/gcc/arm-none-eabi/10.3.1/../../../../arm-none-eabi/lib/thumb/v7-m/nofp\libg.a(lib_a-mprec.o)
                0x08009b30                __mdiff
 .text.__d2b    0x08009c7c       0xc4 d:/env/env-windows/tools/gnu_gcc/arm_gcc/mingw/bin/../lib/gcc/arm-none-eabi/10.3.1/../../../../arm-none-eabi/lib/thumb/v7-m/nofp\libg.a(lib_a-mprec.o)
                0x08009c7c                __d2b
 .text.frexp    0x08009d40       0x70 d:/env/env-windows/tools/gnu_gcc/arm_gcc/mingw/bin/../lib/gcc/arm-none-eabi/10.3.1/../../../../arm-none-eabi/lib/thumb/v7-m/nofp\libg.a(lib_a-s_frexp.o)
                0x08009d40                frexp
 .text._sbrk_r  0x08009db0       0x24 d:/env/env-windows/tools/gnu_gcc/arm_gcc/mingw/bin/../lib/gcc/arm-none-eabi/10.3.1/../../../../arm-none-eabi/lib/thumb/v7-m/nofp\libg.a(lib_a-sbrkr.o)
                0x08009db0                _sbrk_r
 .text.strlen   0x08009dd4       0x5c d:/env/env-windows/tools/gnu_gcc/arm_gcc/mingw/bin/../lib/gcc/arm-none-eabi/10.3.1/../../../../arm-none-eabi/lib/thumb/v7-m/nofp\libg.a(lib_a-strlen-stub.o)
                0x08009dd4                strlen
 .text.strncpy  0x08009e30       0x68 d:/env/env-windows/tools/gnu_gcc/arm_gcc/mingw/bin/../lib/gcc/arm-none-eabi/10.3.1/../../../../arm-none-eabi/lib/thumb/v7-m/nofp\libg.a(lib_a-strncpy.o)
                0x08009e30                strncpy
 .text.__ssprint_r
                0x08009e98       0xfc d:/env/env-windows/tools/gnu_gcc/arm_gcc/mingw/bin/../lib/gcc/arm-none-eabi/10.3.1/../../../../arm-none-eabi/lib/thumb/v7-m/nofp\libg.a(lib_a-svfiprintf.o)
                0x08009e98                __ssprint_r
 .text.__register_exitproc
                0x08009f94       0x8c d:/env/env-windows/tools/gnu_gcc/arm_gcc/mingw/bin/../lib/gcc/arm-none-eabi/10.3.1/../../../../arm-none-eabi/lib/thumb/v7-m/nofp\libg.a(lib_a-__atexit.o)
                0x08009f94                __register_exitproc
 .text.__assert_func
                0x0800a020       0x40 d:/env/env-windows/tools/gnu_gcc/arm_gcc/mingw/bin/../lib/gcc/arm-none-eabi/10.3.1/../../../../arm-none-eabi/lib/thumb/v7-m/nofp\libg.a(lib_a-assert.o)
                0x0800a020                __assert_func
 .text._calloc_r
                0x0800a060       0x78 d:/env/env-windows/tools/gnu_gcc/arm_gcc/mingw/bin/../lib/gcc/arm-none-eabi/10.3.1/../../../../arm-none-eabi/lib/thumb/v7-m/nofp\libg.a(lib_a-callocr.o)
                0x0800a060                _calloc_r
 .text.fiprintf
                0x0800a0d8       0x28 d:/env/env-windows/tools/gnu_gcc/arm_gcc/mingw/bin/../lib/gcc/arm-none-eabi/10.3.1/../../../../arm-none-eabi/lib/thumb/v7-m/nofp\libg.a(lib_a-fiprintf.o)
                0x0800a0d8                fiprintf
 .text.__locale_mb_cur_max
                0x0800a100        0xc d:/env/env-windows/tools/gnu_gcc/arm_gcc/mingw/bin/../lib/gcc/arm-none-eabi/10.3.1/../../../../arm-none-eabi/lib/thumb/v7-m/nofp\libg.a(lib_a-locale.o)
                0x0800a100                __locale_mb_cur_max
 .text.__ascii_mbtowc
                0x0800a10c       0x2c d:/env/env-windows/tools/gnu_gcc/arm_gcc/mingw/bin/../lib/gcc/arm-none-eabi/10.3.1/../../../../arm-none-eabi/lib/thumb/v7-m/nofp\libg.a(lib_a-mbtowc_r.o)
                0x0800a10c                __ascii_mbtowc
 .text.memmove  0x0800a138       0xf8 d:/env/env-windows/tools/gnu_gcc/arm_gcc/mingw/bin/../lib/gcc/arm-none-eabi/10.3.1/../../../../arm-none-eabi/lib/thumb/v7-m/nofp\libg.a(lib_a-memmove.o)
                0x0800a138                memmove
 .text._realloc_r
                0x0800a230      0x3dc d:/env/env-windows/tools/gnu_gcc/arm_gcc/mingw/bin/../lib/gcc/arm-none-eabi/10.3.1/../../../../arm-none-eabi/lib/thumb/v7-m/nofp\libg.a(lib_a-reallocr.o)
                0x0800a230                _realloc_r
 .text.__sprint_r.part.0
                0x0800a60c       0x78 d:/env/env-windows/tools/gnu_gcc/arm_gcc/mingw/bin/../lib/gcc/arm-none-eabi/10.3.1/../../../../arm-none-eabi/lib/thumb/v7-m/nofp\libg.a(lib_a-vfiprintf.o)
 .text._vfiprintf_r
                0x0800a684      0xd98 d:/env/env-windows/tools/gnu_gcc/arm_gcc/mingw/bin/../lib/gcc/arm-none-eabi/10.3.1/../../../../arm-none-eabi/lib/thumb/v7-m/nofp\libg.a(lib_a-vfiprintf.o)
                0x0800a684                _vfiprintf_r
 .text.__sbprintf
                0x0800b41c       0x84 d:/env/env-windows/tools/gnu_gcc/arm_gcc/mingw/bin/../lib/gcc/arm-none-eabi/10.3.1/../../../../arm-none-eabi/lib/thumb/v7-m/nofp\libg.a(lib_a-vfiprintf.o)
 .text.__ascii_wctomb
                0x0800b4a0       0x1c d:/env/env-windows/tools/gnu_gcc/arm_gcc/mingw/bin/../lib/gcc/arm-none-eabi/10.3.1/../../../../arm-none-eabi/lib/thumb/v7-m/nofp\libg.a(lib_a-wctomb_r.o)
                0x0800b4a0                __ascii_wctomb
 .text.__swsetup_r
                0x0800b4bc       0xd4 d:/env/env-windows/tools/gnu_gcc/arm_gcc/mingw/bin/../lib/gcc/arm-none-eabi/10.3.1/../../../../arm-none-eabi/lib/thumb/v7-m/nofp\libg.a(lib_a-wsetup.o)
                0x0800b4bc                __swsetup_r
 .text.abort    0x0800b590       0x10 d:/env/env-windows/tools/gnu_gcc/arm_gcc/mingw/bin/../lib/gcc/arm-none-eabi/10.3.1/../../../../arm-none-eabi/lib/thumb/v7-m/nofp\libg.a(lib_a-abort.o)
                0x0800b590                abort
 .text.__sflush_r
                0x0800b5a0      0x124 d:/env/env-windows/tools/gnu_gcc/arm_gcc/mingw/bin/../lib/gcc/arm-none-eabi/10.3.1/../../../../arm-none-eabi/lib/thumb/v7-m/nofp\libg.a(lib_a-fflush.o)
                0x0800b5a0                __sflush_r
 .text._fflush_r
                0x0800b6c4       0x5c d:/env/env-windows/tools/gnu_gcc/arm_gcc/mingw/bin/../lib/gcc/arm-none-eabi/10.3.1/../../../../arm-none-eabi/lib/thumb/v7-m/nofp\libg.a(lib_a-fflush.o)
                0x0800b6c4                _fflush_r
 .text._cleanup_r
                0x0800b720        0xc d:/env/env-windows/tools/gnu_gcc/arm_gcc/mingw/bin/../lib/gcc/arm-none-eabi/10.3.1/../../../../arm-none-eabi/lib/thumb/v7-m/nofp\libg.a(lib_a-findfp.o)
                0x0800b720                _cleanup_r
 .text.__sinit  0x0800b72c      0x10c d:/env/env-windows/tools/gnu_gcc/arm_gcc/mingw/bin/../lib/gcc/arm-none-eabi/10.3.1/../../../../arm-none-eabi/lib/thumb/v7-m/nofp\libg.a(lib_a-findfp.o)
                0x0800b72c                __sinit
 .text.__sfp_lock_acquire
                0x0800b838        0xc d:/env/env-windows/tools/gnu_gcc/arm_gcc/mingw/bin/../lib/gcc/arm-none-eabi/10.3.1/../../../../arm-none-eabi/lib/thumb/v7-m/nofp\libg.a(lib_a-findfp.o)
                0x0800b838                __sfp_lock_acquire
 .text.__sfp_lock_release
                0x0800b844        0xc d:/env/env-windows/tools/gnu_gcc/arm_gcc/mingw/bin/../lib/gcc/arm-none-eabi/10.3.1/../../../../arm-none-eabi/lib/thumb/v7-m/nofp\libg.a(lib_a-findfp.o)
                0x0800b844                __sfp_lock_release
 .text.__fputwc
                0x0800b850       0xa0 d:/env/env-windows/tools/gnu_gcc/arm_gcc/mingw/bin/../lib/gcc/arm-none-eabi/10.3.1/../../../../arm-none-eabi/lib/thumb/v7-m/nofp\libg.a(lib_a-fputwc.o)
                0x0800b850                __fputwc
 .text._fputwc_r
                0x0800b8f0       0x68 d:/env/env-windows/tools/gnu_gcc/arm_gcc/mingw/bin/../lib/gcc/arm-none-eabi/10.3.1/../../../../arm-none-eabi/lib/thumb/v7-m/nofp\libg.a(lib_a-fputwc.o)
                0x0800b8f0                _fputwc_r
 .text.__sfvwrite_r
                0x0800b958      0x2f0 d:/env/env-windows/tools/gnu_gcc/arm_gcc/mingw/bin/../lib/gcc/arm-none-eabi/10.3.1/../../../../arm-none-eabi/lib/thumb/v7-m/nofp\libg.a(lib_a-fvwrite.o)
                0x0800b958                __sfvwrite_r
 .text._fwalk_reent
                0x0800bc48       0x48 d:/env/env-windows/tools/gnu_gcc/arm_gcc/mingw/bin/../lib/gcc/arm-none-eabi/10.3.1/../../../../arm-none-eabi/lib/thumb/v7-m/nofp\libg.a(lib_a-fwalk.o)
                0x0800bc48                _fwalk_reent
 .text.__smakebuf_r
                0x0800bc90       0xe0 d:/env/env-windows/tools/gnu_gcc/arm_gcc/mingw/bin/../lib/gcc/arm-none-eabi/10.3.1/../../../../arm-none-eabi/lib/thumb/v7-m/nofp\libg.a(lib_a-makebuf.o)
                0x0800bc90                __smakebuf_r
 .text.raise    0x0800bd70       0x5c d:/env/env-windows/tools/gnu_gcc/arm_gcc/mingw/bin/../lib/gcc/arm-none-eabi/10.3.1/../../../../arm-none-eabi/lib/thumb/v7-m/nofp\libg.a(lib_a-signal.o)
                0x0800bd70                raise
 .text._kill_r  0x0800bdcc       0x28 d:/env/env-windows/tools/gnu_gcc/arm_gcc/mingw/bin/../lib/gcc/arm-none-eabi/10.3.1/../../../../arm-none-eabi/lib/thumb/v7-m/nofp\libg.a(lib_a-signalr.o)
                0x0800bdcc                _kill_r
 .text._getpid_r
                0x0800bdf4        0x4 d:/env/env-windows/tools/gnu_gcc/arm_gcc/mingw/bin/../lib/gcc/arm-none-eabi/10.3.1/../../../../arm-none-eabi/lib/thumb/v7-m/nofp\libg.a(lib_a-signalr.o)
                0x0800bdf4                _getpid_r
 .text.__sread  0x0800bdf8       0x24 d:/env/env-windows/tools/gnu_gcc/arm_gcc/mingw/bin/../lib/gcc/arm-none-eabi/10.3.1/../../../../arm-none-eabi/lib/thumb/v7-m/nofp\libg.a(lib_a-stdio.o)
                0x0800bdf8                __sread
 .text.__swrite
                0x0800be1c       0x40 d:/env/env-windows/tools/gnu_gcc/arm_gcc/mingw/bin/../lib/gcc/arm-none-eabi/10.3.1/../../../../arm-none-eabi/lib/thumb/v7-m/nofp\libg.a(lib_a-stdio.o)
                0x0800be1c                __swrite
 .text.__sseek  0x0800be5c       0x20 d:/env/env-windows/tools/gnu_gcc/arm_gcc/mingw/bin/../lib/gcc/arm-none-eabi/10.3.1/../../../../arm-none-eabi/lib/thumb/v7-m/nofp\libg.a(lib_a-stdio.o)
                0x0800be5c                __sseek
 .text.__sclose
                0x0800be7c        0x8 d:/env/env-windows/tools/gnu_gcc/arm_gcc/mingw/bin/../lib/gcc/arm-none-eabi/10.3.1/../../../../arm-none-eabi/lib/thumb/v7-m/nofp\libg.a(lib_a-stdio.o)
                0x0800be7c                __sclose
 .text.__swbuf_r
                0x0800be84       0xb0 d:/env/env-windows/tools/gnu_gcc/arm_gcc/mingw/bin/../lib/gcc/arm-none-eabi/10.3.1/../../../../arm-none-eabi/lib/thumb/v7-m/nofp\libg.a(lib_a-wbuf.o)
                0x0800be84                __swbuf_r
 .text._wcrtomb_r
                0x0800bf34       0x3c d:/env/env-windows/tools/gnu_gcc/arm_gcc/mingw/bin/../lib/gcc/arm-none-eabi/10.3.1/../../../../arm-none-eabi/lib/thumb/v7-m/nofp\libg.a(lib_a-wcrtomb.o)
                0x0800bf34                _wcrtomb_r
 .text._write_r
                0x0800bf70       0x2c d:/env/env-windows/tools/gnu_gcc/arm_gcc/mingw/bin/../lib/gcc/arm-none-eabi/10.3.1/../../../../arm-none-eabi/lib/thumb/v7-m/nofp\libg.a(lib_a-writer.o)
                0x0800bf70                _write_r
 .text._close_r
                0x0800bf9c       0x24 d:/env/env-windows/tools/gnu_gcc/arm_gcc/mingw/bin/../lib/gcc/arm-none-eabi/10.3.1/../../../../arm-none-eabi/lib/thumb/v7-m/nofp\libg.a(lib_a-closer.o)
                0x0800bf9c                _close_r
 .text._fclose_r
                0x0800bfc0       0xcc d:/env/env-windows/tools/gnu_gcc/arm_gcc/mingw/bin/../lib/gcc/arm-none-eabi/10.3.1/../../../../arm-none-eabi/lib/thumb/v7-m/nofp\libg.a(lib_a-fclose.o)
                0x0800bfc0                _fclose_r
 .text._fstat_r
                0x0800c08c       0x28 d:/env/env-windows/tools/gnu_gcc/arm_gcc/mingw/bin/../lib/gcc/arm-none-eabi/10.3.1/../../../../arm-none-eabi/lib/thumb/v7-m/nofp\libg.a(lib_a-fstatr.o)
                0x0800c08c                _fstat_r
 .text._isatty_r
                0x0800c0b4       0x24 d:/env/env-windows/tools/gnu_gcc/arm_gcc/mingw/bin/../lib/gcc/arm-none-eabi/10.3.1/../../../../arm-none-eabi/lib/thumb/v7-m/nofp\libg.a(lib_a-isattyr.o)
                0x0800c0b4                _isatty_r
 .text._lseek_r
                0x0800c0d8       0x2c d:/env/env-windows/tools/gnu_gcc/arm_gcc/mingw/bin/../lib/gcc/arm-none-eabi/10.3.1/../../../../arm-none-eabi/lib/thumb/v7-m/nofp\libg.a(lib_a-lseekr.o)
                0x0800c0d8                _lseek_r
 .text._read_r  0x0800c104       0x2c d:/env/env-windows/tools/gnu_gcc/arm_gcc/mingw/bin/../lib/gcc/arm-none-eabi/10.3.1/../../../../arm-none-eabi/lib/thumb/v7-m/nofp\libg.a(lib_a-readr.o)
                0x0800c104                _read_r
 .text.asin     0x0800c130       0x50 d:/env/env-windows/tools/gnu_gcc/arm_gcc/mingw/bin/../lib/gcc/arm-none-eabi/10.3.1/../../../../arm-none-eabi/lib/thumb/v7-m/nofp\libm.a(lib_a-w_asin.o)
                0x0800c130                asin
 .text.atan2    0x0800c180        0x4 d:/env/env-windows/tools/gnu_gcc/arm_gcc/mingw/bin/../lib/gcc/arm-none-eabi/10.3.1/../../../../arm-none-eabi/lib/thumb/v7-m/nofp\libm.a(lib_a-w_atan2.o)
                0x0800c180                atan2
 *fill*         0x0800c184        0x4 
 .text.__ieee754_asin
                0x0800c188      0x474 d:/env/env-windows/tools/gnu_gcc/arm_gcc/mingw/bin/../lib/gcc/arm-none-eabi/10.3.1/../../../../arm-none-eabi/lib/thumb/v7-m/nofp\libm.a(lib_a-e_asin.o)
                0x0800c188                __ieee754_asin
 *fill*         0x0800c5fc        0x4 
 .text.__ieee754_atan2
                0x0800c600      0x194 d:/env/env-windows/tools/gnu_gcc/arm_gcc/mingw/bin/../lib/gcc/arm-none-eabi/10.3.1/../../../../arm-none-eabi/lib/thumb/v7-m/nofp\libm.a(lib_a-e_atan2.o)
                0x0800c600                __ieee754_atan2
 .text.__ieee754_sqrt
                0x0800c794      0x18c d:/env/env-windows/tools/gnu_gcc/arm_gcc/mingw/bin/../lib/gcc/arm-none-eabi/10.3.1/../../../../arm-none-eabi/lib/thumb/v7-m/nofp\libm.a(lib_a-e_sqrt.o)
                0x0800c794                __ieee754_sqrt
 .text.atan     0x0800c920      0x31c d:/env/env-windows/tools/gnu_gcc/arm_gcc/mingw/bin/../lib/gcc/arm-none-eabi/10.3.1/../../../../arm-none-eabi/lib/thumb/v7-m/nofp\libm.a(lib_a-s_atan.o)
                0x0800c920                atan
 .text.fabs     0x0800cc3c        0x8 d:/env/env-windows/tools/gnu_gcc/arm_gcc/mingw/bin/../lib/gcc/arm-none-eabi/10.3.1/../../../../arm-none-eabi/lib/thumb/v7-m/nofp\libm.a(lib_a-s_fabs.o)
                0x0800cc3c                fabs
 .text.nan      0x0800cc44        0xc d:/env/env-windows/tools/gnu_gcc/arm_gcc/mingw/bin/../lib/gcc/arm-none-eabi/10.3.1/../../../../arm-none-eabi/lib/thumb/v7-m/nofp\libm.a(lib_a-s_nan.o)
                0x0800cc44                nan
 *(.glue_7)
 .glue_7        0x0800cc50        0x0 linker stubs
 *(.glue_7t)
 .glue_7t       0x0800cc50        0x0 linker stubs
 *(.eh_frame)
 .eh_frame      0x0800cc50        0x0 d:/env/env-windows/tools/gnu_gcc/arm_gcc/mingw/bin/../lib/gcc/arm-none-eabi/10.3.1/thumb/v7-m/nofp/crtbegin.o
 *(.init)
 .init          0x0800cc50        0x4 d:/env/env-windows/tools/gnu_gcc/arm_gcc/mingw/bin/../lib/gcc/arm-none-eabi/10.3.1/thumb/v7-m/nofp/crti.o
                0x0800cc50                _init
 .init          0x0800cc54        0x8 d:/env/env-windows/tools/gnu_gcc/arm_gcc/mingw/bin/../lib/gcc/arm-none-eabi/10.3.1/thumb/v7-m/nofp/crtn.o
 *(.fini)
 .fini          0x0800cc5c        0x4 d:/env/env-windows/tools/gnu_gcc/arm_gcc/mingw/bin/../lib/gcc/arm-none-eabi/10.3.1/thumb/v7-m/nofp/crti.o
                0x0800cc5c                _fini
 .fini          0x0800cc60        0x8 d:/env/env-windows/tools/gnu_gcc/arm_gcc/mingw/bin/../lib/gcc/arm-none-eabi/10.3.1/thumb/v7-m/nofp/crtn.o
                0x0800cc68                . = ALIGN (0x4)
                0x0800cc68                _etext = .

.vfp11_veneer   0x0800cc68        0x0
 .vfp11_veneer  0x0800cc68        0x0 linker stubs

.v4_bx          0x0800cc68        0x0
 .v4_bx         0x0800cc68        0x0 linker stubs

.iplt           0x0800cc68        0x0
 .iplt          0x0800cc68        0x0 d:/env/env-windows/tools/gnu_gcc/arm_gcc/mingw/bin/../lib/gcc/arm-none-eabi/10.3.1/thumb/v7-m/nofp/crtbegin.o

.rodata         0x0800cc68     0x1720
                0x0800cc68                . = ALIGN (0x4)
 *(.rodata)
 *(.rodata*)
 .rodata.MPU6050.str1.4
                0x0800cc68        0xb CMakeFiles/pid_car.elf.dir/Core/Src/AI.c.obj
 *fill*         0x0800cc73        0x1 
 .rodata.OLED_F8x16
                0x0800cc74      0x5f0 CMakeFiles/pid_car.elf.dir/Core/Src/OLED.c.obj
                0x0800cc74                OLED_F8x16
 .rodata.hw     0x0800d264        0xc CMakeFiles/pid_car.elf.dir/Core/Src/inv_mpu.c.obj
                0x0800d264                hw
 .rodata.reg    0x0800d270       0x1b CMakeFiles/pid_car.elf.dir/Core/Src/inv_mpu.c.obj
                0x0800d270                reg
 *fill*         0x0800d28b        0x1 
 .rodata.test   0x0800d28c       0x28 CMakeFiles/pid_car.elf.dir/Core/Src/inv_mpu.c.obj
                0x0800d28c                test
 .rodata.dmp_set_orientation.str1.4
                0x0800d2b4       0x10 CMakeFiles/pid_car.elf.dir/Core/Src/inv_mpu_dmp_motion_driver.c.obj
 .rodata.dmp_set_fifo_rate.str1.4
                0x0800d2c4        0xd CMakeFiles/pid_car.elf.dir/Core/Src/inv_mpu_dmp_motion_driver.c.obj
 *fill*         0x0800d2d1        0x3 
 .rodata.dmp_enable_gyro_cal.str1.4
                0x0800d2d4       0x16 CMakeFiles/pid_car.elf.dir/Core/Src/inv_mpu_dmp_motion_driver.c.obj
 *fill*         0x0800d2ea        0x2 
 .rodata.dmp_memory
                0x0800d2ec      0xbf6 CMakeFiles/pid_car.elf.dir/Core/Src/inv_mpu_dmp_motion_driver.c.obj
 *fill*         0x0800dee2        0x2 
 .rodata.main.str1.4
                0x0800dee4        0x3 CMakeFiles/pid_car.elf.dir/Core/Src/main.c.obj
 *fill*         0x0800dee7        0x1 
 .rodata.pos_spe_pid.str1.4
                0x0800dee8        0x6 CMakeFiles/pid_car.elf.dir/Core/Src/position_speed_pid.c.obj
 *fill*         0x0800deee        0x2 
 .rodata.AHBPrescTable
                0x0800def0       0x10 CMakeFiles/pid_car.elf.dir/Core/Src/system_stm32f1xx.c.obj
                0x0800def0                AHBPrescTable
 .rodata.APBPrescTable
                0x0800df00        0x8 CMakeFiles/pid_car.elf.dir/Core/Src/system_stm32f1xx.c.obj
                0x0800df00                APBPrescTable
 .rodata.aPLLMULFactorTable.1
                0x0800df08       0x10 CMakeFiles/pid_car.elf.dir/Drivers/STM32F1xx_HAL_Driver/Src/stm32f1xx_hal_rcc.c.obj
 .rodata.aPredivFactorTable.0
                0x0800df18        0x2 CMakeFiles/pid_car.elf.dir/Drivers/STM32F1xx_HAL_Driver/Src/stm32f1xx_hal_rcc.c.obj
 *fill*         0x0800df1a        0x2 
 .rodata._global_impure_ptr
                0x0800df1c        0x4 d:/env/env-windows/tools/gnu_gcc/arm_gcc/mingw/bin/../lib/gcc/arm-none-eabi/10.3.1/../../../../arm-none-eabi/lib/thumb/v7-m/nofp\libg.a(lib_a-impure.o)
                0x0800df1c                _global_impure_ptr
 .rodata._svfprintf_r.str1.4
                0x0800df20       0x42 d:/env/env-windows/tools/gnu_gcc/arm_gcc/mingw/bin/../lib/gcc/arm-none-eabi/10.3.1/../../../../arm-none-eabi/lib/thumb/v7-m/nofp\libg.a(lib_a-svfprintf.o)
 *fill*         0x0800df62        0x2 
 .rodata.blanks.1
                0x0800df64       0x10 d:/env/env-windows/tools/gnu_gcc/arm_gcc/mingw/bin/../lib/gcc/arm-none-eabi/10.3.1/../../../../arm-none-eabi/lib/thumb/v7-m/nofp\libg.a(lib_a-svfprintf.o)
 .rodata.zeroes.0
                0x0800df74       0x10 d:/env/env-windows/tools/gnu_gcc/arm_gcc/mingw/bin/../lib/gcc/arm-none-eabi/10.3.1/../../../../arm-none-eabi/lib/thumb/v7-m/nofp\libg.a(lib_a-svfprintf.o)
 .rodata._dtoa_r.str1.4
                0x0800df84       0xa2 d:/env/env-windows/tools/gnu_gcc/arm_gcc/mingw/bin/../lib/gcc/arm-none-eabi/10.3.1/../../../../arm-none-eabi/lib/thumb/v7-m/nofp\libg.a(lib_a-dtoa.o)
                                 0xa6 (size before relaxing)
 *fill*         0x0800e026        0x2 
 .rodata.__multadd.str1.4
                0x0800e028       0x7f d:/env/env-windows/tools/gnu_gcc/arm_gcc/mingw/bin/../lib/gcc/arm-none-eabi/10.3.1/../../../../arm-none-eabi/lib/thumb/v7-m/nofp\libg.a(lib_a-mprec.o)
                                 0x93 (size before relaxing)
 *fill*         0x0800e0a7        0x1 
 .rodata.__mprec_bigtens
                0x0800e0a8       0x28 d:/env/env-windows/tools/gnu_gcc/arm_gcc/mingw/bin/../lib/gcc/arm-none-eabi/10.3.1/../../../../arm-none-eabi/lib/thumb/v7-m/nofp\libg.a(lib_a-mprec.o)
                0x0800e0a8                __mprec_bigtens
 .rodata.__mprec_tens
                0x0800e0d0       0xc8 d:/env/env-windows/tools/gnu_gcc/arm_gcc/mingw/bin/../lib/gcc/arm-none-eabi/10.3.1/../../../../arm-none-eabi/lib/thumb/v7-m/nofp\libg.a(lib_a-mprec.o)
                0x0800e0d0                __mprec_tens
 .rodata.p05.0  0x0800e198        0xc d:/env/env-windows/tools/gnu_gcc/arm_gcc/mingw/bin/../lib/gcc/arm-none-eabi/10.3.1/../../../../arm-none-eabi/lib/thumb/v7-m/nofp\libg.a(lib_a-mprec.o)
 .rodata.__assert_func.str1.4
                0x0800e1a4       0x3f d:/env/env-windows/tools/gnu_gcc/arm_gcc/mingw/bin/../lib/gcc/arm-none-eabi/10.3.1/../../../../arm-none-eabi/lib/thumb/v7-m/nofp\libg.a(lib_a-assert.o)
                                 0x43 (size before relaxing)
 *fill*         0x0800e1e3        0x1 
 .rodata._setlocale_r.str1.4
                0x0800e1e4        0xa d:/env/env-windows/tools/gnu_gcc/arm_gcc/mingw/bin/../lib/gcc/arm-none-eabi/10.3.1/../../../../arm-none-eabi/lib/thumb/v7-m/nofp\libg.a(lib_a-locale.o)
                                  0xd (size before relaxing)
 *fill*         0x0800e1ee        0x2 
 .rodata.str1.4
                0x0800e1f0        0x2 d:/env/env-windows/tools/gnu_gcc/arm_gcc/mingw/bin/../lib/gcc/arm-none-eabi/10.3.1/../../../../arm-none-eabi/lib/thumb/v7-m/nofp\libg.a(lib_a-locale.o)
 .rodata._vfiprintf_r.str1.4
                0x0800e1f2       0x2f d:/env/env-windows/tools/gnu_gcc/arm_gcc/mingw/bin/../lib/gcc/arm-none-eabi/10.3.1/../../../../arm-none-eabi/lib/thumb/v7-m/nofp\libg.a(lib_a-vfiprintf.o)
 *fill*         0x0800e1f2        0x2 
 .rodata.blanks.1
                0x0800e1f4       0x10 d:/env/env-windows/tools/gnu_gcc/arm_gcc/mingw/bin/../lib/gcc/arm-none-eabi/10.3.1/../../../../arm-none-eabi/lib/thumb/v7-m/nofp\libg.a(lib_a-vfiprintf.o)
 .rodata.zeroes.0
                0x0800e204       0x10 d:/env/env-windows/tools/gnu_gcc/arm_gcc/mingw/bin/../lib/gcc/arm-none-eabi/10.3.1/../../../../arm-none-eabi/lib/thumb/v7-m/nofp\libg.a(lib_a-vfiprintf.o)
 .rodata._ctype_
                0x0800e214      0x101 d:/env/env-windows/tools/gnu_gcc/arm_gcc/mingw/bin/../lib/gcc/arm-none-eabi/10.3.1/../../../../arm-none-eabi/lib/thumb/v7-m/nofp\libg.a(lib_a-ctype_.o)
                0x0800e214                _ctype_
 .rodata.asin.str1.4
                0x0800e315        0x1 d:/env/env-windows/tools/gnu_gcc/arm_gcc/mingw/bin/../lib/gcc/arm-none-eabi/10.3.1/../../../../arm-none-eabi/lib/thumb/v7-m/nofp\libm.a(lib_a-w_asin.o)
 *fill*         0x0800e315        0x3 
 .rodata.CSWTCH.8
                0x0800e318       0x18 d:/env/env-windows/tools/gnu_gcc/arm_gcc/mingw/bin/../lib/gcc/arm-none-eabi/10.3.1/../../../../arm-none-eabi/lib/thumb/v7-m/nofp\libm.a(lib_a-e_atan2.o)
 .rodata.CSWTCH.9
                0x0800e330       0x18 d:/env/env-windows/tools/gnu_gcc/arm_gcc/mingw/bin/../lib/gcc/arm-none-eabi/10.3.1/../../../../arm-none-eabi/lib/thumb/v7-m/nofp\libm.a(lib_a-e_atan2.o)
 .rodata.atanhi
                0x0800e348       0x20 d:/env/env-windows/tools/gnu_gcc/arm_gcc/mingw/bin/../lib/gcc/arm-none-eabi/10.3.1/../../../../arm-none-eabi/lib/thumb/v7-m/nofp\libm.a(lib_a-s_atan.o)
 .rodata.atanlo
                0x0800e368       0x20 d:/env/env-windows/tools/gnu_gcc/arm_gcc/mingw/bin/../lib/gcc/arm-none-eabi/10.3.1/../../../../arm-none-eabi/lib/thumb/v7-m/nofp\libm.a(lib_a-s_atan.o)
                0x0800e388                . = ALIGN (0x4)

.ARM.extab      0x0800e388        0x0
                0x0800e388                . = ALIGN (0x4)
 *(.ARM.extab* .gnu.linkonce.armextab.*)
                0x0800e388                . = ALIGN (0x4)

.ARM            0x0800e388        0x8
                0x0800e388                . = ALIGN (0x4)
                0x0800e388                __exidx_start = .
 *(.ARM.exidx*)
 .ARM.exidx     0x0800e388        0x8 d:/env/env-windows/tools/gnu_gcc/arm_gcc/mingw/bin/../lib/gcc/arm-none-eabi/10.3.1/thumb/v7-m/nofp\libgcc.a(_udivmoddi4.o)
                0x0800e390                __exidx_end = .
                0x0800e390                . = ALIGN (0x4)

.rel.dyn        0x0800e390        0x0
 .rel.iplt      0x0800e390        0x0 d:/env/env-windows/tools/gnu_gcc/arm_gcc/mingw/bin/../lib/gcc/arm-none-eabi/10.3.1/thumb/v7-m/nofp/crtbegin.o

.preinit_array  0x0800e390        0x0
                0x0800e390                . = ALIGN (0x4)
                0x0800e390                PROVIDE (__preinit_array_start = .)
 *(.preinit_array*)
                0x0800e390                PROVIDE (__preinit_array_end = .)
                0x0800e390                . = ALIGN (0x4)

.init_array     0x0800e390        0x8
                0x0800e390                . = ALIGN (0x4)
                0x0800e390                PROVIDE (__init_array_start = .)
 *(SORT_BY_NAME(.init_array.*))
 .init_array.00000
                0x0800e390        0x4 d:/env/env-windows/tools/gnu_gcc/arm_gcc/mingw/bin/../lib/gcc/arm-none-eabi/10.3.1/../../../../arm-none-eabi/lib/thumb/v7-m/nofp\libg.a(lib_a-__call_atexit.o)
 *(.init_array*)
 .init_array    0x0800e394        0x4 d:/env/env-windows/tools/gnu_gcc/arm_gcc/mingw/bin/../lib/gcc/arm-none-eabi/10.3.1/thumb/v7-m/nofp/crtbegin.o
                0x0800e398                PROVIDE (__init_array_end = .)
                0x0800e398                . = ALIGN (0x4)

.fini_array     0x0800e398        0x4
                0x0800e398                . = ALIGN (0x4)
                0x0800e398                PROVIDE (__fini_array_start = .)
 *(SORT_BY_NAME(.fini_array.*))
 *(.fini_array*)
 .fini_array    0x0800e398        0x4 d:/env/env-windows/tools/gnu_gcc/arm_gcc/mingw/bin/../lib/gcc/arm-none-eabi/10.3.1/thumb/v7-m/nofp/crtbegin.o
                0x0800e39c                PROVIDE (__fini_array_end = .)
                0x0800e39c                . = ALIGN (0x4)
                0x0800e39c                _sidata = LOADADDR (.data)

.data           0x20000000      0x9f0 load address 0x0800e39c
                0x20000000                . = ALIGN (0x4)
                0x20000000                _sdata = .
 *(.data)
 *(.data*)
 .data.gyro_orientation
                0x20000000        0x9 CMakeFiles/pid_car.elf.dir/Core/Src/inv_mpu.c.obj
 *fill*         0x20000009        0x3 
 .data.st       0x2000000c       0x2c CMakeFiles/pid_car.elf.dir/Core/Src/inv_mpu.c.obj
 .data.SystemCoreClock
                0x20000038        0x4 CMakeFiles/pid_car.elf.dir/Core/Src/system_stm32f1xx.c.obj
                0x20000038                SystemCoreClock
 .data.uwTickFreq
                0x2000003c        0x1 CMakeFiles/pid_car.elf.dir/Drivers/STM32F1xx_HAL_Driver/Src/stm32f1xx_hal.c.obj
                0x2000003c                uwTickFreq
 *fill*         0x2000003d        0x3 
 .data.uwTickPrio
                0x20000040        0x4 CMakeFiles/pid_car.elf.dir/Drivers/STM32F1xx_HAL_Driver/Src/stm32f1xx_hal.c.obj
                0x20000040                uwTickPrio
 .data._impure_ptr
                0x20000044        0x4 d:/env/env-windows/tools/gnu_gcc/arm_gcc/mingw/bin/../lib/gcc/arm-none-eabi/10.3.1/../../../../arm-none-eabi/lib/thumb/v7-m/nofp\libg.a(lib_a-impure.o)
                0x20000044                _impure_ptr
 .data.impure_data
                0x20000048      0x428 d:/env/env-windows/tools/gnu_gcc/arm_gcc/mingw/bin/../lib/gcc/arm-none-eabi/10.3.1/../../../../arm-none-eabi/lib/thumb/v7-m/nofp\libg.a(lib_a-impure.o)
 .data.__atexit_recursive_mutex
                0x20000470        0x4 d:/env/env-windows/tools/gnu_gcc/arm_gcc/mingw/bin/../lib/gcc/arm-none-eabi/10.3.1/../../../../arm-none-eabi/lib/thumb/v7-m/nofp\libg.a(lib_a-__call_atexit.o)
                0x20000470                __atexit_recursive_mutex
 .data.__malloc_av_
                0x20000474      0x408 d:/env/env-windows/tools/gnu_gcc/arm_gcc/mingw/bin/../lib/gcc/arm-none-eabi/10.3.1/../../../../arm-none-eabi/lib/thumb/v7-m/nofp\libg.a(lib_a-mallocr.o)
                0x20000474                __malloc_av_
 .data.__malloc_sbrk_base
                0x2000087c        0x4 d:/env/env-windows/tools/gnu_gcc/arm_gcc/mingw/bin/../lib/gcc/arm-none-eabi/10.3.1/../../../../arm-none-eabi/lib/thumb/v7-m/nofp\libg.a(lib_a-mallocr.o)
                0x2000087c                __malloc_sbrk_base
 .data.__malloc_trim_threshold
                0x20000880        0x4 d:/env/env-windows/tools/gnu_gcc/arm_gcc/mingw/bin/../lib/gcc/arm-none-eabi/10.3.1/../../../../arm-none-eabi/lib/thumb/v7-m/nofp\libg.a(lib_a-mallocr.o)
                0x20000880                __malloc_trim_threshold
 .data.__global_locale
                0x20000884      0x16c d:/env/env-windows/tools/gnu_gcc/arm_gcc/mingw/bin/../lib/gcc/arm-none-eabi/10.3.1/../../../../arm-none-eabi/lib/thumb/v7-m/nofp\libg.a(lib_a-locale.o)
                0x20000884                __global_locale
 *(.RamFunc)
 *(.RamFunc*)
                0x200009f0                . = ALIGN (0x4)
                0x200009f0                _edata = .

.igot.plt       0x200009f0        0x0 load address 0x0800ed8c
 .igot.plt      0x200009f0        0x0 d:/env/env-windows/tools/gnu_gcc/arm_gcc/mingw/bin/../lib/gcc/arm-none-eabi/10.3.1/thumb/v7-m/nofp/crtbegin.o
                0x200009f0                . = ALIGN (0x4)

.bss            0x200009f0      0x24c load address 0x0800ed8c
                0x200009f0                _sbss = .
                0x200009f0                __bss_start__ = _sbss
 *(.bss)
 .bss           0x200009f0       0x1c d:/env/env-windows/tools/gnu_gcc/arm_gcc/mingw/bin/../lib/gcc/arm-none-eabi/10.3.1/thumb/v7-m/nofp/crtbegin.o
 *(.bss*)
 .bss.Ki_accumulate
                0x20000a0c        0x4 CMakeFiles/pid_car.elf.dir/Core/Src/AI.c.obj
                0x20000a0c                Ki_accumulate
 .bss.display_buf
                0x20000a10       0x14 CMakeFiles/pid_car.elf.dir/Core/Src/AI.c.obj
                0x20000a10                display_buf
 .bss.error     0x20000a24        0x4 CMakeFiles/pid_car.elf.dir/Core/Src/AI.c.obj
                0x20000a24                error
 .bss.kd        0x20000a28        0x4 CMakeFiles/pid_car.elf.dir/Core/Src/AI.c.obj
                0x20000a28                kd
 .bss.ki        0x20000a2c        0x4 CMakeFiles/pid_car.elf.dir/Core/Src/AI.c.obj
                0x20000a2c                ki
 .bss.kp        0x20000a30        0x4 CMakeFiles/pid_car.elf.dir/Core/Src/AI.c.obj
                0x20000a30                kp
 .bss.last_error
                0x20000a34        0x4 CMakeFiles/pid_car.elf.dir/Core/Src/AI.c.obj
                0x20000a34                last_error
 .bss.output    0x20000a38        0x4 CMakeFiles/pid_car.elf.dir/Core/Src/AI.c.obj
                0x20000a38                output
 .bss.pitch     0x20000a3c        0x4 CMakeFiles/pid_car.elf.dir/Core/Src/AI.c.obj
                0x20000a3c                pitch
 .bss.roll      0x20000a40        0x4 CMakeFiles/pid_car.elf.dir/Core/Src/AI.c.obj
                0x20000a40                roll
 .bss.yaw       0x20000a44        0x4 CMakeFiles/pid_car.elf.dir/Core/Src/AI.c.obj
                0x20000a44                yaw
 .bss.hi2c1     0x20000a48       0x54 CMakeFiles/pid_car.elf.dir/Core/Src/i2c.c.obj
                0x20000a48                hi2c1
 .bss.dmp       0x20000a9c       0x10 CMakeFiles/pid_car.elf.dir/Core/Src/inv_mpu_dmp_motion_driver.c.obj
 .bss.position_pid_1
                0x20000aac       0x18 CMakeFiles/pid_car.elf.dir/Core/Src/position_speed_pid.c.obj
                0x20000aac                position_pid_1
 .bss.position_pid_2
                0x20000ac4       0x18 CMakeFiles/pid_car.elf.dir/Core/Src/position_speed_pid.c.obj
                0x20000ac4                position_pid_2
 .bss.previous_position_1
                0x20000adc        0x4 CMakeFiles/pid_car.elf.dir/Core/Src/position_speed_pid.c.obj
                0x20000adc                previous_position_1
 .bss.previous_position_2
                0x20000ae0        0x4 CMakeFiles/pid_car.elf.dir/Core/Src/position_speed_pid.c.obj
                0x20000ae0                previous_position_2
 .bss.speed_pid_1
                0x20000ae4       0x18 CMakeFiles/pid_car.elf.dir/Core/Src/position_speed_pid.c.obj
                0x20000ae4                speed_pid_1
 .bss.speed_pid_2
                0x20000afc       0x18 CMakeFiles/pid_car.elf.dir/Core/Src/position_speed_pid.c.obj
                0x20000afc                speed_pid_2
 .bss.__sbrk_heap_end
                0x20000b14        0x4 CMakeFiles/pid_car.elf.dir/Core/Src/sysmem.c.obj
 .bss.htim1     0x20000b18       0x48 CMakeFiles/pid_car.elf.dir/Core/Src/tim.c.obj
                0x20000b18                htim1
 .bss.htim2     0x20000b60       0x48 CMakeFiles/pid_car.elf.dir/Core/Src/tim.c.obj
                0x20000b60                htim2
 .bss.htim3     0x20000ba8       0x48 CMakeFiles/pid_car.elf.dir/Core/Src/tim.c.obj
                0x20000ba8                htim3
 .bss.uwTick    0x20000bf0        0x4 CMakeFiles/pid_car.elf.dir/Drivers/STM32F1xx_HAL_Driver/Src/stm32f1xx_hal.c.obj
                0x20000bf0                uwTick
 .bss.__lock___atexit_recursive_mutex
                0x20000bf4        0x1 d:/env/env-windows/tools/gnu_gcc/arm_gcc/mingw/bin/../lib/gcc/arm-none-eabi/10.3.1/../../../../arm-none-eabi/lib/thumb/v7-m/nofp\libg.a(lib_a-lock.o)
                0x20000bf4                __lock___atexit_recursive_mutex
 *fill*         0x20000bf5        0x3 
 .bss.__lock___malloc_recursive_mutex
                0x20000bf8        0x1 d:/env/env-windows/tools/gnu_gcc/arm_gcc/mingw/bin/../lib/gcc/arm-none-eabi/10.3.1/../../../../arm-none-eabi/lib/thumb/v7-m/nofp\libg.a(lib_a-lock.o)
                0x20000bf8                __lock___malloc_recursive_mutex
 *fill*         0x20000bf9        0x3 
 .bss.__lock___sfp_recursive_mutex
                0x20000bfc        0x1 d:/env/env-windows/tools/gnu_gcc/arm_gcc/mingw/bin/../lib/gcc/arm-none-eabi/10.3.1/../../../../arm-none-eabi/lib/thumb/v7-m/nofp\libg.a(lib_a-lock.o)
                0x20000bfc                __lock___sfp_recursive_mutex
 *fill*         0x20000bfd        0x3 
 .bss.__lock___sinit_recursive_mutex
                0x20000c00        0x1 d:/env/env-windows/tools/gnu_gcc/arm_gcc/mingw/bin/../lib/gcc/arm-none-eabi/10.3.1/../../../../arm-none-eabi/lib/thumb/v7-m/nofp\libg.a(lib_a-lock.o)
                0x20000c00                __lock___sinit_recursive_mutex
 *fill*         0x20000c01        0x3 
 .bss.__malloc_current_mallinfo
                0x20000c04       0x28 d:/env/env-windows/tools/gnu_gcc/arm_gcc/mingw/bin/../lib/gcc/arm-none-eabi/10.3.1/../../../../arm-none-eabi/lib/thumb/v7-m/nofp\libg.a(lib_a-mallocr.o)
                0x20000c04                __malloc_current_mallinfo
 .bss.__malloc_max_sbrked_mem
                0x20000c2c        0x4 d:/env/env-windows/tools/gnu_gcc/arm_gcc/mingw/bin/../lib/gcc/arm-none-eabi/10.3.1/../../../../arm-none-eabi/lib/thumb/v7-m/nofp\libg.a(lib_a-mallocr.o)
                0x20000c2c                __malloc_max_sbrked_mem
 .bss.__malloc_max_total_mem
                0x20000c30        0x4 d:/env/env-windows/tools/gnu_gcc/arm_gcc/mingw/bin/../lib/gcc/arm-none-eabi/10.3.1/../../../../arm-none-eabi/lib/thumb/v7-m/nofp\libg.a(lib_a-mallocr.o)
                0x20000c30                __malloc_max_total_mem
 .bss.__malloc_top_pad
                0x20000c34        0x4 d:/env/env-windows/tools/gnu_gcc/arm_gcc/mingw/bin/../lib/gcc/arm-none-eabi/10.3.1/../../../../arm-none-eabi/lib/thumb/v7-m/nofp\libg.a(lib_a-mallocr.o)
                0x20000c34                __malloc_top_pad
 .bss.errno     0x20000c38        0x4 d:/env/env-windows/tools/gnu_gcc/arm_gcc/mingw/bin/../lib/gcc/arm-none-eabi/10.3.1/../../../../arm-none-eabi/lib/thumb/v7-m/nofp\libg.a(lib_a-reent.o)
                0x20000c38                errno
 *(COMMON)
                0x20000c3c                . = ALIGN (0x4)
                0x20000c3c                _ebss = .
                0x20000c3c                __bss_end__ = _ebss

._user_heap_stack
                0x20000c3c      0x604 load address 0x0800ed8c
                0x20000c40                . = ALIGN (0x8)
 *fill*         0x20000c3c        0x4 
                [!provide]                PROVIDE (end = .)
                0x20000c40                PROVIDE (_end = .)
                0x20000e40                . = (. + _Min_Heap_Size)
 *fill*         0x20000c40      0x200 
                0x20001240                . = (. + _Min_Stack_Size)
 *fill*         0x20000e40      0x400 
                0x20001240                . = ALIGN (0x8)

/DISCARD/
 libc.a(*)
 libm.a(*)
 libgcc.a(*)

.ARM.attributes
                0x00000000       0x29
 *(.ARM.attributes)
 .ARM.attributes
                0x00000000       0x1d d:/env/env-windows/tools/gnu_gcc/arm_gcc/mingw/bin/../lib/gcc/arm-none-eabi/10.3.1/thumb/v7-m/nofp/crti.o
 .ARM.attributes
                0x0000001d       0x2d d:/env/env-windows/tools/gnu_gcc/arm_gcc/mingw/bin/../lib/gcc/arm-none-eabi/10.3.1/thumb/v7-m/nofp/crtbegin.o
 .ARM.attributes
                0x0000004a       0x2d CMakeFiles/pid_car.elf.dir/Core/Src/AI.c.obj
 .ARM.attributes
                0x00000077       0x2d CMakeFiles/pid_car.elf.dir/Core/Src/IIC.c.obj
 .ARM.attributes
                0x000000a4       0x2d CMakeFiles/pid_car.elf.dir/Core/Src/OLED.c.obj
 .ARM.attributes
                0x000000d1       0x2d CMakeFiles/pid_car.elf.dir/Core/Src/car_control_new.c.obj
 .ARM.attributes
                0x000000fe       0x2d CMakeFiles/pid_car.elf.dir/Core/Src/gpio.c.obj
 .ARM.attributes
                0x0000012b       0x2d CMakeFiles/pid_car.elf.dir/Core/Src/i2c.c.obj
 .ARM.attributes
                0x00000158       0x2d CMakeFiles/pid_car.elf.dir/Core/Src/inv_mpu.c.obj
 .ARM.attributes
                0x00000185       0x2d CMakeFiles/pid_car.elf.dir/Core/Src/inv_mpu_dmp_motion_driver.c.obj
 .ARM.attributes
                0x000001b2       0x2d CMakeFiles/pid_car.elf.dir/Core/Src/main.c.obj
 .ARM.attributes
                0x000001df       0x2d CMakeFiles/pid_car.elf.dir/Core/Src/mpu6050.c.obj
 .ARM.attributes
                0x0000020c       0x2d CMakeFiles/pid_car.elf.dir/Core/Src/position_speed_pid.c.obj
 .ARM.attributes
                0x00000239       0x2d CMakeFiles/pid_car.elf.dir/Core/Src/stm32f1xx_hal_msp.c.obj
 .ARM.attributes
                0x00000266       0x2d CMakeFiles/pid_car.elf.dir/Core/Src/stm32f1xx_it.c.obj
 .ARM.attributes
                0x00000293       0x2d CMakeFiles/pid_car.elf.dir/Core/Src/syscalls.c.obj
 .ARM.attributes
                0x000002c0       0x2d CMakeFiles/pid_car.elf.dir/Core/Src/sysmem.c.obj
 .ARM.attributes
                0x000002ed       0x2d CMakeFiles/pid_car.elf.dir/Core/Src/system_stm32f1xx.c.obj
 .ARM.attributes
                0x0000031a       0x2d CMakeFiles/pid_car.elf.dir/Core/Src/tim.c.obj
 .ARM.attributes
                0x00000347       0x21 CMakeFiles/pid_car.elf.dir/Core/Startup/startup_stm32f103c8tx.s.obj
 .ARM.attributes
                0x00000368       0x2d CMakeFiles/pid_car.elf.dir/Drivers/STM32F1xx_HAL_Driver/Src/stm32f1xx_hal.c.obj
 .ARM.attributes
                0x00000395       0x2d CMakeFiles/pid_car.elf.dir/Drivers/STM32F1xx_HAL_Driver/Src/stm32f1xx_hal_cortex.c.obj
 .ARM.attributes
                0x000003c2       0x2d CMakeFiles/pid_car.elf.dir/Drivers/STM32F1xx_HAL_Driver/Src/stm32f1xx_hal_gpio.c.obj
 .ARM.attributes
                0x000003ef       0x2d CMakeFiles/pid_car.elf.dir/Drivers/STM32F1xx_HAL_Driver/Src/stm32f1xx_hal_i2c.c.obj
 .ARM.attributes
                0x0000041c       0x2d CMakeFiles/pid_car.elf.dir/Drivers/STM32F1xx_HAL_Driver/Src/stm32f1xx_hal_rcc.c.obj
 .ARM.attributes
                0x00000449       0x2d CMakeFiles/pid_car.elf.dir/Drivers/STM32F1xx_HAL_Driver/Src/stm32f1xx_hal_tim.c.obj
 .ARM.attributes
                0x00000476       0x2d CMakeFiles/pid_car.elf.dir/Drivers/STM32F1xx_HAL_Driver/Src/stm32f1xx_hal_tim_ex.c.obj
 .ARM.attributes
                0x000004a3       0x1d d:/env/env-windows/tools/gnu_gcc/arm_gcc/mingw/bin/../lib/gcc/arm-none-eabi/10.3.1/thumb/v7-m/nofp\libgcc.a(_arm_addsubdf3.o)
 .ARM.attributes
                0x000004c0       0x1d d:/env/env-windows/tools/gnu_gcc/arm_gcc/mingw/bin/../lib/gcc/arm-none-eabi/10.3.1/thumb/v7-m/nofp\libgcc.a(_arm_muldivdf3.o)
 .ARM.attributes
                0x000004dd       0x1d d:/env/env-windows/tools/gnu_gcc/arm_gcc/mingw/bin/../lib/gcc/arm-none-eabi/10.3.1/thumb/v7-m/nofp\libgcc.a(_arm_truncdfsf2.o)
 .ARM.attributes
                0x000004fa       0x1d d:/env/env-windows/tools/gnu_gcc/arm_gcc/mingw/bin/../lib/gcc/arm-none-eabi/10.3.1/thumb/v7-m/nofp\libgcc.a(_arm_addsubsf3.o)
 .ARM.attributes
                0x00000517       0x1d d:/env/env-windows/tools/gnu_gcc/arm_gcc/mingw/bin/../lib/gcc/arm-none-eabi/10.3.1/thumb/v7-m/nofp\libgcc.a(_arm_muldivsf3.o)
 .ARM.attributes
                0x00000534       0x1d d:/env/env-windows/tools/gnu_gcc/arm_gcc/mingw/bin/../lib/gcc/arm-none-eabi/10.3.1/thumb/v7-m/nofp\libgcc.a(_arm_cmpsf2.o)
 .ARM.attributes
                0x00000551       0x1d d:/env/env-windows/tools/gnu_gcc/arm_gcc/mingw/bin/../lib/gcc/arm-none-eabi/10.3.1/thumb/v7-m/nofp\libgcc.a(_arm_fixsfsi.o)
 .ARM.attributes
                0x0000056e       0x1d d:/env/env-windows/tools/gnu_gcc/arm_gcc/mingw/bin/../lib/gcc/arm-none-eabi/10.3.1/thumb/v7-m/nofp\libgcc.a(_arm_fixunssfsi.o)
 .ARM.attributes
                0x0000058b       0x1d d:/env/env-windows/tools/gnu_gcc/arm_gcc/mingw/bin/../lib/gcc/arm-none-eabi/10.3.1/thumb/v7-m/nofp\libgcc.a(_aeabi_ldivmod.o)
 .ARM.attributes
                0x000005a8       0x2d d:/env/env-windows/tools/gnu_gcc/arm_gcc/mingw/bin/../lib/gcc/arm-none-eabi/10.3.1/thumb/v7-m/nofp\libgcc.a(_udivmoddi4.o)
 .ARM.attributes
                0x000005d5       0x1d d:/env/env-windows/tools/gnu_gcc/arm_gcc/mingw/bin/../lib/gcc/arm-none-eabi/10.3.1/thumb/v7-m/nofp\libgcc.a(_dvmd_tls.o)
 .ARM.attributes
                0x000005f2       0x2d d:/env/env-windows/tools/gnu_gcc/arm_gcc/mingw/bin/../lib/gcc/arm-none-eabi/10.3.1/../../../../arm-none-eabi/lib/thumb/v7-m/nofp\libg.a(lib_a-errno.o)
 .ARM.attributes
                0x0000061f       0x2d d:/env/env-windows/tools/gnu_gcc/arm_gcc/mingw/bin/../lib/gcc/arm-none-eabi/10.3.1/../../../../arm-none-eabi/lib/thumb/v7-m/nofp\libg.a(lib_a-impure.o)
 .ARM.attributes
                0x0000064c       0x2d d:/env/env-windows/tools/gnu_gcc/arm_gcc/mingw/bin/../lib/gcc/arm-none-eabi/10.3.1/../../../../arm-none-eabi/lib/thumb/v7-m/nofp\libg.a(lib_a-init.o)
 .ARM.attributes
                0x00000679       0x2d d:/env/env-windows/tools/gnu_gcc/arm_gcc/mingw/bin/../lib/gcc/arm-none-eabi/10.3.1/../../../../arm-none-eabi/lib/thumb/v7-m/nofp\libg.a(lib_a-memcmp.o)
 .ARM.attributes
                0x000006a6       0x2d d:/env/env-windows/tools/gnu_gcc/arm_gcc/mingw/bin/../lib/gcc/arm-none-eabi/10.3.1/../../../../arm-none-eabi/lib/thumb/v7-m/nofp\libg.a(lib_a-memset.o)
 .ARM.attributes
                0x000006d3       0x2d d:/env/env-windows/tools/gnu_gcc/arm_gcc/mingw/bin/../lib/gcc/arm-none-eabi/10.3.1/../../../../arm-none-eabi/lib/thumb/v7-m/nofp\libg.a(lib_a-sprintf.o)
 .ARM.attributes
                0x00000700       0x2d d:/env/env-windows/tools/gnu_gcc/arm_gcc/mingw/bin/../lib/gcc/arm-none-eabi/10.3.1/../../../../arm-none-eabi/lib/thumb/v7-m/nofp\libg.a(lib_a-svfprintf.o)
 .ARM.attributes
                0x0000072d       0x2d d:/env/env-windows/tools/gnu_gcc/arm_gcc/mingw/bin/../lib/gcc/arm-none-eabi/10.3.1/../../../../arm-none-eabi/lib/thumb/v7-m/nofp\libg.a(lib_a-__call_atexit.o)
 .ARM.attributes
                0x0000075a       0x2d d:/env/env-windows/tools/gnu_gcc/arm_gcc/mingw/bin/../lib/gcc/arm-none-eabi/10.3.1/../../../../arm-none-eabi/lib/thumb/v7-m/nofp\libg.a(lib_a-atexit.o)
 .ARM.attributes